################################################################################
#                                                                              #
#      IAR Universal Linker V5.4.1.30                                          #
#                                                                              #
#           Link time     =  19/Apr/2013  13:17:19                             #
#           Target CPU    =  MSP430                                            #
#           List file     =  C:\Users\student\Documents\GitHub\MHMS\MHMS\ZAP-M #
#                            SP430-2.5.1\Projects\zstack\ZAP\TVSA\EXP5438\Rout #
#                            inator\List\TVSA.map                              #
#           Output file 1 =  C:\Users\student\Documents\GitHub\MHMS\MHMS\ZAP-M #
#                            SP430-2.5.1\Projects\zstack\ZAP\TVSA\EXP5438\Rout #
#                            inator\Exe\TVSA.d43                               #
#                            Format: debug                                     #
#                            UBROF version 10.0.6                              #
#                            Using library modules for C-SPY (-rt)             #
#           Command line  =  C:\Users\student\Documents\GitHub\MHMS\MHMS\ZAP-M #
#                            SP430-2.5.1\Projects\zstack\ZAP\TVSA\EXP5438\Rout #
#                            inator\Obj\MSP430FlashUtil.r43                    #
#                            C:\Users\student\Documents\GitHub\MHMS\MHMS\ZAP-M #
#                            SP430-2.5.1\Projects\zstack\ZAP\TVSA\EXP5438\Rout #
#                            inator\Obj\OSAL.r43                               #
#                            C:\Users\student\Documents\GitHub\MHMS\MHMS\ZAP-M #
#                            SP430-2.5.1\Projects\zstack\ZAP\TVSA\EXP5438\Rout #
#                            inator\Obj\OSAL_Memory.r43                        #
#                            C:\Users\student\Documents\GitHub\MHMS\MHMS\ZAP-M #
#                            SP430-2.5.1\Projects\zstack\ZAP\TVSA\EXP5438\Rout #
#                            inator\Obj\OSAL_Nv.r43                            #
#                            C:\Users\student\Documents\GitHub\MHMS\MHMS\ZAP-M #
#                            SP430-2.5.1\Projects\zstack\ZAP\TVSA\EXP5438\Rout #
#                            inator\Obj\OSAL_PwrMgr.r43                        #
#                            C:\Users\student\Documents\GitHub\MHMS\MHMS\ZAP-M #
#                            SP430-2.5.1\Projects\zstack\ZAP\TVSA\EXP5438\Rout #
#                            inator\Obj\OSAL_TVSA.r43                          #
#                            C:\Users\student\Documents\GitHub\MHMS\MHMS\ZAP-M #
#                            SP430-2.5.1\Projects\zstack\ZAP\TVSA\EXP5438\Rout #
#                            inator\Obj\OSAL_Timers.r43                        #
#                            C:\Users\student\Documents\GitHub\MHMS\MHMS\ZAP-M #
#                            SP430-2.5.1\Projects\zstack\ZAP\TVSA\EXP5438\Rout #
#                            inator\Obj\hal_adc.r43                            #
#                            C:\Users\student\Documents\GitHub\MHMS\MHMS\ZAP-M #
#                            SP430-2.5.1\Projects\zstack\ZAP\TVSA\EXP5438\Rout #
#                            inator\Obj\hal_assert.r43                         #
#                            C:\Users\student\Documents\GitHub\MHMS\MHMS\ZAP-M #
#                            SP430-2.5.1\Projects\zstack\ZAP\TVSA\EXP5438\Rout #
#                            inator\Obj\hal_board.r43                          #
#                            C:\Users\student\Documents\GitHub\MHMS\MHMS\ZAP-M #
#                            SP430-2.5.1\Projects\zstack\ZAP\TVSA\EXP5438\Rout #
#                            inator\Obj\hal_dco.r43                            #
#                            C:\Users\student\Documents\GitHub\MHMS\MHMS\ZAP-M #
#                            SP430-2.5.1\Projects\zstack\ZAP\TVSA\EXP5438\Rout #
#                            inator\Obj\hal_drivers.r43                        #
#                            C:\Users\student\Documents\GitHub\MHMS\MHMS\ZAP-M #
#                            SP430-2.5.1\Projects\zstack\ZAP\TVSA\EXP5438\Rout #
#                            inator\Obj\hal_key.r43                            #
#                            C:\Users\student\Documents\GitHub\MHMS\MHMS\ZAP-M #
#                            SP430-2.5.1\Projects\zstack\ZAP\TVSA\EXP5438\Rout #
#                            inator\Obj\hal_lcd.r43                            #
#                            C:\Users\student\Documents\GitHub\MHMS\MHMS\ZAP-M #
#                            SP430-2.5.1\Projects\zstack\ZAP\TVSA\EXP5438\Rout #
#                            inator\Obj\hal_led.r43                            #
#                            C:\Users\student\Documents\GitHub\MHMS\MHMS\ZAP-M #
#                            SP430-2.5.1\Projects\zstack\ZAP\TVSA\EXP5438\Rout #
#                            inator\Obj\hal_main.r43                           #
#                            C:\Users\student\Documents\GitHub\MHMS\MHMS\ZAP-M #
#                            SP430-2.5.1\Projects\zstack\ZAP\TVSA\EXP5438\Rout #
#                            inator\Obj\hal_spi.r43                            #
#                            C:\Users\student\Documents\GitHub\MHMS\MHMS\ZAP-M #
#                            SP430-2.5.1\Projects\zstack\ZAP\TVSA\EXP5438\Rout #
#                            inator\Obj\hal_startup.r43                        #
#                            C:\Users\student\Documents\GitHub\MHMS\MHMS\ZAP-M #
#                            SP430-2.5.1\Projects\zstack\ZAP\TVSA\EXP5438\Rout #
#                            inator\Obj\hal_uart.r43                           #
#                            C:\Users\student\Documents\GitHub\MHMS\MHMS\ZAP-M #
#                            SP430-2.5.1\Projects\zstack\ZAP\TVSA\EXP5438\Rout #
#                            inator\Obj\saddr.r43                              #
#                            C:\Users\student\Documents\GitHub\MHMS\MHMS\ZAP-M #
#                            SP430-2.5.1\Projects\zstack\ZAP\TVSA\EXP5438\Rout #
#                            inator\Obj\tvsa.r43                               #
#                            C:\Users\student\Documents\GitHub\MHMS\MHMS\ZAP-M #
#                            SP430-2.5.1\Projects\zstack\ZAP\TVSA\EXP5438\Rout #
#                            inator\Obj\tvsa_cc2530znp.r43                     #
#                            C:\Users\student\Documents\GitHub\MHMS\MHMS\ZAP-M #
#                            SP430-2.5.1\Projects\zstack\ZAP\TVSA\EXP5438\Rout #
#                            inator\Obj\zap_af.r43                             #
#                            C:\Users\student\Documents\GitHub\MHMS\MHMS\ZAP-M #
#                            SP430-2.5.1\Projects\zstack\ZAP\TVSA\EXP5438\Rout #
#                            inator\Obj\zap_app.r43                            #
#                            C:\Users\student\Documents\GitHub\MHMS\MHMS\ZAP-M #
#                            SP430-2.5.1\Projects\zstack\ZAP\TVSA\EXP5438\Rout #
#                            inator\Obj\zap_phy.r43                            #
#                            C:\Users\student\Documents\GitHub\MHMS\MHMS\ZAP-M #
#                            SP430-2.5.1\Projects\zstack\ZAP\TVSA\EXP5438\Rout #
#                            inator\Obj\zap_sapi.r43                           #
#                            C:\Users\student\Documents\GitHub\MHMS\MHMS\ZAP-M #
#                            SP430-2.5.1\Projects\zstack\ZAP\TVSA\EXP5438\Rout #
#                            inator\Obj\zap_sys.r43                            #
#                            C:\Users\student\Documents\GitHub\MHMS\MHMS\ZAP-M #
#                            SP430-2.5.1\Projects\zstack\ZAP\TVSA\EXP5438\Rout #
#                            inator\Obj\zap_util.r43                           #
#                            C:\Users\student\Documents\GitHub\MHMS\MHMS\ZAP-M #
#                            SP430-2.5.1\Projects\zstack\ZAP\TVSA\EXP5438\Rout #
#                            inator\Obj\zap_zdo.r43                            #
#                            C:\Users\student\Documents\GitHub\MHMS\MHMS\ZAP-M #
#                            SP430-2.5.1\Projects\zstack\ZAP\TVSA\EXP5438\Rout #
#                            inator\Obj\zap_zmac.r43                           #
#                            C:\Users\student\Documents\GitHub\MHMS\MHMS\ZAP-M #
#                            SP430-2.5.1\Projects\zstack\ZAP\TVSA\EXP5438\Rout #
#                            inator\Obj\zap_znp.r43                            #
#                            -o                                                #
#                            C:\Users\student\Documents\GitHub\MHMS\MHMS\ZAP-M #
#                            SP430-2.5.1\Projects\zstack\ZAP\TVSA\EXP5438\Rout #
#                            inator\Exe\TVSA.d43                               #
#                            -l                                                #
#                            C:\Users\student\Documents\GitHub\MHMS\MHMS\ZAP-M #
#                            SP430-2.5.1\Projects\zstack\ZAP\TVSA\EXP5438\Rout #
#                            inator\List\TVSA.map                              #
#                            -xmsn                                             #
#                            "-IC:\Program Files (x86)\IAR Systems\Embedded Wo #
#                            rkbench 6.4\430\LIB\"                             #
#                            -f                                                #
#                            C:\Users\student\Documents\GitHub\MHMS\MHMS\ZAP-M #
#                            SP430-2.5.1\Projects\zstack\ZAP\TVSA\EXP5438\..\. #
#                            .\..\Tools\MSP5438\MSP430F5438.xcl                #
#                            (-D_LO_ROM_BEG=0x05C00 -D_LO_ROM_END=0x0FF7F      #
#                            -D_HI_ROM_BEG=0x10000 -D_HI_ROM_END=0x45BFF       #
#                            -D_ZIGNV_BEG=0x0CA00 -D_ZIGNV_END=0x0F9FF         #
#                            -cmsp430                                          #
#                            -Z(DATA)DATA16_I,DATA16_Z,DATA16_N,DATA16_HEAP+_D #
#                            ATA16_HEAP_SIZE=1C00-5BFF                         #
#                            -Z(DATA)CSTACK+_STACK_SIZE#                       #
#                            -Z(CODE)INFO=1800-19FF -Z(CODE)INFOA=1980-19FF    #
#                            -Z(CODE)INFOB=1900-197F -Z(CODE)INFOC=1880-18FF   #
#                            -Z(CODE)INFOD=1800-187F                           #
#                            -Z(CODE)CSTART,ISR_CODE=_LO_ROM_BEG-_LO_ROM_END   #
#                            -Z(CODE)ZIGNV_ADDRESS_SPACE=_ZIGNV_BEG-_ZIGNV_END #
#                            -Z(CODE)INTVEC=FF80-FFFF                          #
#                            -Z(CODE)RESET=FFFE-FFFF                           #
#                            -Z(CONST)DATA16_C,DATA16_ID,DIFUNCT=_LO_ROM_BEG-_ #
#                            LO_ROM_END                                        #
#                            -Z(CONST)DATA20_C,DATA20_ID=_LO_ROM_BEG-_LO_ROM_E #
#                            ND                                                #
#                            -Z(CODE)CODE=_LO_ROM_BEG-_LO_ROM_END,_HI_ROM_BEG- #
#                            _HI_ROM_END)                                      #
#                            -f                                                #
#                            "C:\Program Files (x86)\IAR Systems\Embedded Work #
#                            bench 6.4\430\config\multiplier32_loc2.xcl"       #
#                            (-e?Mul8HwLoc2=?Mul8 -e?Mul16HwLoc2=?Mul16        #
#                            -e?Mul16to32uHwLoc2=?Mul16to32u                   #
#                            -e?Mul16to32sHwLoc2=?Mul16to32s                   #
#                            -e?Mul32Hw32Loc2=?Mul32                           #
#                            -e?Mul64Hw32Loc2=_Mul64i                          #
#                            -e?Mul32u32uto64iHw32Loc2=_Mul32u32uto64i         #
#                            -e?Mul32fHwLoc2=_Mul32f                           #
#                            -e_Mul64fHwPtrLoc2=_Mul64fPtr)                    #
#                            -D_STACK_SIZE=200 -rt                             #
#                            "C:\Program Files (x86)\IAR Systems\Embedded Work #
#                            bench 6.4\430\LIB\CLIB\cl430xsf.r43"              #
#                            -e_small_write=_formatted_write                   #
#                            -e_medium_read=_formatted_read                    #
#                            -D_DATA16_HEAP_SIZE=0 -s __program_start          #
#                            -D_DATA20_HEAP_SIZE=50                            #
#                                                                              #
#                           Copyright (C) 1987-2012 IAR Systems AB.            #
################################################################################





                ****************************************
                *                                      *
                *           CROSS REFERENCE            *
                *                                      *
                ****************************************

       Program entry at :           5C00  Relocatable, from module : ?cstart




                ****************************************
                *                                      *
                *            RUNTIME MODEL             *
                *                                      *
                ****************************************

  __SystemLibrary = CLib
  __core          = 430X
  __data_model    = small
  __double_size   = 32
  __pic           = no
  __reg_r4        = free
  __reg_r5        = free
  __rt_version    = 3

                ****************************************
                *                                      *
                *    AUTOMATIC SYMBOL REDIRECTIONS     *
                *                                      *
                ****************************************

                  There are no automatic symbol redirections.



                ****************************************
                *                                      *
                *              MODULE MAP              *
                *                                      *
                ****************************************


  DEFINED ABSOLUTE ENTRIES
    *************************************************************************

  DEFINED ABSOLUTE ENTRIES
  PROGRAM MODULE, NAME : ?ABS_ENTRY_MOD

Absolute parts
           ENTRY                   ADDRESS         REF BY
           =====                   =======         ======
           _DATA20_HEAP_SIZE       0050 
           _DATA16_HEAP_SIZE       0000 
           _STACK_SIZE             0200 
           _ZIGNV_END              F9FF 
           _ZIGNV_BEG              CA00 
           _HI_ROM_END             00045BFF 
           _HI_ROM_BEG             00010000 
           _LO_ROM_END             FF7F 
           _LO_ROM_BEG             5C00 
    *************************************************************************

  FILE NAME : C:\Users\student\Documents\GitHub\MHMS\MHMS\ZAP-MSP430-2.5.1\Projects\zstack\ZAP\TVSA\EXP5438\Routinator\Obj\MSP430FlashUtil.r43
  PROGRAM MODULE, NAME : MSP430FlashUtil

  SEGMENTS IN THE MODULE
  ======================
DATA16_AN
  Relative segment, address: 0140 - 0141 (0x2 bytes), align: 0
  Segment part 1. ROOT.       Intra module refs:   flashErasePage
                                                   flashWrite
           ENTRY                   ADDRESS         REF BY
           =====                   =======         ======
           _A_FCTL1_L              0140 
           LOCAL                   ADDRESS         
           =====                   =======         
           FCTL1                   0140 
           FCTL1_H                 0141 
           FCTL1_L                 0140 
    -------------------------------------------------------------------------
DATA16_AN
  Relative segment, address: 0144 - 0145 (0x2 bytes), align: 0
  Segment part 2. ROOT.       Intra module refs:   flashErasePage
                                                   flashWrite
                                                   initFlash
           ENTRY                   ADDRESS         REF BY
           =====                   =======         ======
           _A_FCTL3_L              0144 
           LOCAL                   ADDRESS         
           =====                   =======         
           FCTL3                   0144 
           FCTL3_H                 0145 
           FCTL3_L                 0144 
    -------------------------------------------------------------------------
DATA16_AN
  Relative segment, address: 015C - 015D (0x2 bytes), align: 0
  Segment part 3. ROOT.       Intra module refs:   __low_level_init (hal_startup)
                                                   doneFlash
                                                   halAssertHazardLights (hal_assert)
                                                   initFlash
                                                   main (hal_main)
           ENTRY                   ADDRESS         REF BY
           =====                   =======         ======
           _A_WDTCTL_L             015C 
           LOCAL                   ADDRESS         
           =====                   =======         
           WDTCTL                  015C 
           WDTCTL_H                015D 
           WDTCTL_L                015C 
    -------------------------------------------------------------------------
DATA16_Z
  Relative segment, address: 2C34 - 2C34 (0x1 bytes), align: 0
  Segment part 5.             Intra module refs:   doneFlash
                                                   initFlash
           LOCAL                   ADDRESS         
           =====                   =======         
           s_savWDT                2C34 
    -------------------------------------------------------------------------
DATA16_Z
  Relative segment, address: 1C90 - 1C91 (0x2 bytes), align: 1
  Segment part 6.             Intra module refs:   doneFlash
                                                   initFlash
           LOCAL                   ADDRESS         
           =====                   =======         
           fuIntState              1C90 
    -------------------------------------------------------------------------
CODE
  Relative segment, address: 6776 - 679D (0x28 bytes), align: 1
  Segment part 8.             Intra module refs:   flashErasePage
                                                   flashWrite
           LOCAL                   ADDRESS         
           =====                   =======         
           initFlash               6776 
               CSTACK = 00000000 ( 00000004 )
    -------------------------------------------------------------------------
CODE
  Relative segment, address: 679E - 67AF (0x12 bytes), align: 1
  Segment part 7.             Intra module refs:   flashErasePage
                                                   flashWrite
           LOCAL                   ADDRESS         
           =====                   =======         
           doneFlash               679E 
               CSTACK = 00000000 ( 00000004 )
    -------------------------------------------------------------------------
CODE
  Relative segment, address: 67B0 - 67CB (0x1c bytes), align: 1
  Segment part 10.
           ENTRY                   ADDRESS         REF BY
           =====                   =======         ======
           flashErasePage          67B0            erasePage (OSAL_Nv)
               calls direct
               CSTACK = 00000000 ( 00000004 )
    -------------------------------------------------------------------------
CODE
  Relative segment, address: 67CC - 67D9 (0xe bytes), align: 1
  Segment part 11.            Intra module refs:   flashErasePage
                                                   flashWrite
           LOCAL                   ADDRESS         
           =====                   =======         
           ?Subroutine0            67CC 
    -------------------------------------------------------------------------
CODE
  Relative segment, address: 67DA - 6809 (0x30 bytes), align: 1
  Segment part 9.
           ENTRY                   ADDRESS         REF BY
           =====                   =======         ======
           flashWrite              67DA            compactPage (OSAL_Nv)
                                                   setItem (OSAL_Nv)
                                                   setPageUse (OSAL_Nv)
                                                   writeItem (OSAL_Nv)
                                                   xferBuf (OSAL_Nv)
               calls direct
               CSTACK = 00000000 ( 00000006 )

    *************************************************************************

  FILE NAME : C:\Users\student\Documents\GitHub\MHMS\MHMS\ZAP-MSP430-2.5.1\Projects\zstack\ZAP\TVSA\EXP5438\Routinator\Obj\OSAL.r43
  PROGRAM MODULE, NAME : OSAL

  SEGMENTS IN THE MODULE
  ======================
DATA16_Z
  Relative segment, address: 1C92 - 1C93 (0x2 bytes), align: 1
  Segment part 6.             Intra module refs:   osal_init_system
                                                   osal_msg_find
                                                   osal_msg_receive
                                                   osal_msg_send
           ENTRY                   ADDRESS         REF BY
           =====                   =======         ======
           osal_qHead              1C92 
    -------------------------------------------------------------------------
DATA16_I
  Relative segment, address: 1C12 - 1C12 (0x1 bytes), align: 0
  Segment part 7.             Intra module refs:   osal_run_system
           LOCAL                   ADDRESS         
           =====                   =======         
           activeTaskID            1C12 
    -------------------------------------------------------------------------
CODE
  Relative segment, address: 680A - 680D (0x4 bytes), align: 1
  Segment part 53.
           ENTRY                   ADDRESS         REF BY
           =====                   =======         ======
           osal_strlen             680A            HalLcdWriteString (hal_lcd)
                                                   HalLcdWriteStringValue (hal_lcd)
               calls direct
               CSTACK = 00000000 ( 00000004 )
    -------------------------------------------------------------------------
CODE
  Relative segment, address: 680E - 681F (0x12 bytes), align: 1
  Segment part 50.
           ENTRY                   ADDRESS         REF BY
           =====                   =======         ======
           osal_memcpy             680E            AF_DataRequest (zap_af)
                                                   HalLcdWriteString (hal_lcd)
                                                   HalLcdWriteStringValue (hal_lcd)
                                                   ZDO_SendMsgCBs (zap_zdo)
                                                   afIncMsgPktParse (zap_af)
                                                   afRecv (zap_af)
                                                   pulseDataRx (tvsa)
                                                   sAddrExtCpy (saddr)
                                                   sapiReq (zap_sapi)
                                                   zapDisInfo (zap_app)
                                                   zapPhySpiPoll (zap_phy)
                                                   zapSysReq (zap_sys)
                                                   zapUtilReq (zap_util)
                                                   zb_GetDeviceInfo (zap_sapi)
               CSTACK = 00000000 ( 00000004 )
    -------------------------------------------------------------------------
CODE
  Relative segment, address: 6820 - 6835 (0x16 bytes), align: 1
  Segment part 49.
           ENTRY                   ADDRESS         REF BY
           =====                   =======         ======
           osal_memcmp             6820            zapDisInfo (zap_app)
                                                   zapSync (zap_app)
               CSTACK = 00000000 ( 00000004 )
    -------------------------------------------------------------------------
CODE
  Relative segment, address: 6836 - 683B (0x6 bytes), align: 1
  Segment part 48.
           ENTRY                   ADDRESS         REF BY
           =====                   =======         ======
           osal_memset             6836            ?Subroutine2 (zap_phy)
                                                   osalInitTasks (OSAL_TVSA)
                                                   zapSync (zap_app)
                                                   zapUtilReq (zap_util)
                                                   zb_GetDeviceInfo (zap_sapi)
               calls direct
               CSTACK = 00000000 ( 00000004 )
    -------------------------------------------------------------------------
CODE
  Relative segment, address: 683C - 6995 (0x15a bytes), align: 1
  Segment part 38.
           ENTRY                   ADDRESS         REF BY
           =====                   =======         ======
           _ltoa                   683C            ?Subroutine0 (hal_lcd)
                                                   HalLcdWriteValue (hal_lcd)
               calls direct
               CSTACK = 00000000 ( 00000032 )
    -------------------------------------------------------------------------
CODE
  Relative segment, address: 6996 - 6997 (0x2 bytes), align: 1
  Segment part 39.            Intra module refs:   _ltoa
           LOCAL                   ADDRESS         
           =====                   =======         
           ?Subroutine10           6996 
    -------------------------------------------------------------------------
CODE
  Relative segment, address: 6998 - 699D (0x6 bytes), align: 1
  Segment part 40.            Intra module refs:   ?Subroutine10
                                                   _ltoa
    -------------------------------------------------------------------------
CODE
  Relative segment, address: 699E - 69AB (0xe bytes), align: 1
  Segment part 41.            Intra module refs:   _ltoa
           LOCAL                   ADDRESS         
           =====                   =======         
           ?Subroutine8            699E 
    -------------------------------------------------------------------------
CODE
  Relative segment, address: 69AC - 69B3 (0x8 bytes), align: 1
  Segment part 42.            Intra module refs:   _ltoa
           LOCAL                   ADDRESS         
           =====                   =======         
           ?Subroutine7            69AC 
    -------------------------------------------------------------------------
CODE
  Relative segment, address: 69B4 - 69BD (0xa bytes), align: 1
  Segment part 43.            Intra module refs:   _ltoa
           LOCAL                   ADDRESS         
           =====                   =======         
           ?Subroutine6            69B4 
    -------------------------------------------------------------------------
CODE
  Relative segment, address: 69BE - 69E9 (0x2c bytes), align: 1
  Segment part 36.
           ENTRY                   ADDRESS         REF BY
           =====                   =======         ======
           osal_msg_allocate       69BE            OnBoard_SendKeys (hal_board)
                                                   ZDO_SendMsgCBs (zap_zdo)
                                                   ZDO_UpdateNwkStatus (zap_zdo)
                                                   afCnf (zap_af)
                                                   afRecv (zap_af)
                                                   zapPhySpiPoll (zap_phy)
               calls direct
               CSTACK = 00000000 ( 00000006 )
    -------------------------------------------------------------------------
CODE
  Relative segment, address: 69EA - 6A09 (0x20 bytes), align: 1
  Segment part 34.            Intra module refs:   osal_msg_send
           ENTRY                   ADDRESS         REF BY
           =====                   =======         ======
           osal_msg_deallocate     69EA            Hal_ProcessEvent (hal_drivers)
                                                   pulseAppEvt (tvsa)
                                                   zapEvt (zap_app)
               calls direct
               CSTACK = 00000000 ( 00000004 )
    -------------------------------------------------------------------------
CODE
  Relative segment, address: 6A0A - 6A57 (0x4e bytes), align: 1
  Segment part 35.
           ENTRY                   ADDRESS         REF BY
           =====                   =======         ======
           osal_msg_send           6A0A            ?Subroutine2 (zap_af)
                                                   OnBoard_SendKeys (hal_board)
                                                   ZDO_SendMsgCBs (zap_zdo)
                                                   ZDO_UpdateNwkStatus (zap_zdo)
                                                   zapPhySpiPoll (zap_phy)
               calls direct
               CSTACK = 00000000 ( 00000006 )
    -------------------------------------------------------------------------
CODE
  Relative segment, address: 6A58 - 6AAF (0x58 bytes), align: 1
  Segment part 33.
           ENTRY                   ADDRESS         REF BY
           =====                   =======         ======
           osal_msg_receive        6A58            Hal_ProcessEvent (hal_drivers)
                                                   pulseAppEvt (tvsa)
                                                   zapEvt (zap_app)
               calls direct
               CSTACK = 00000000 ( 0000000C )
    -------------------------------------------------------------------------
CODE
  Relative segment, address: 6AB0 - 6AB5 (0x6 bytes), align: 1
  Segment part 30.            Intra module refs:   osal_msg_find
           LOCAL                   ADDRESS         
           =====                   =======         
           ?Subroutine2            6AB0 
    -------------------------------------------------------------------------
CODE
  Relative segment, address: 6AB6 - 6ADD (0x28 bytes), align: 1
  Segment part 31.            Intra module refs:   osal_msg_send
           ENTRY                   ADDRESS         REF BY
           =====                   =======         ======
           osal_msg_enqueue        6AB6 
               CSTACK = 00000000 ( 00000004 )
    -------------------------------------------------------------------------
CODE
  Relative segment, address: 6ADE - 6B01 (0x24 bytes), align: 1
  Segment part 32.
           ENTRY                   ADDRESS         REF BY
           =====                   =======         ======
           osal_msg_find           6ADE            ZDO_UpdateNwkStatus (zap_zdo)
               CSTACK = 00000000 ( 00000004 )
    -------------------------------------------------------------------------
CODE
  Relative segment, address: 6B02 - 6B29 (0x28 bytes), align: 1
  Segment part 27.            Intra module refs:   osal_msg_receive
           ENTRY                   ADDRESS         REF BY
           =====                   =======         ======
           osal_msg_extract        6B02 
               CSTACK = 00000000 ( 00000006 )
    -------------------------------------------------------------------------
CODE
  Relative segment, address: 6B2A - 6B45 (0x1c bytes), align: 1
  Segment part 22.            Intra module refs:   osal_msg_receive
           ENTRY                   ADDRESS         REF BY
           =====                   =======         ======
           osal_clear_event        6B2A 
               CSTACK = 00000000 ( 00000004 )
    -------------------------------------------------------------------------
CODE
  Relative segment, address: 6B46 - 6B4B (0x6 bytes), align: 1
  Segment part 23.            Intra module refs:   osal_clear_event
                                                   osal_set_event
           LOCAL                   ADDRESS         
           =====                   =======         
           ?Subroutine4            6B46 
    -------------------------------------------------------------------------
CODE
  Relative segment, address: 6B4C - 6B51 (0x6 bytes), align: 1
  Segment part 24.            Intra module refs:   osal_clear_event
                                                   osal_set_event
           LOCAL                   ADDRESS         
           =====                   =======         
           ?Subroutine1            6B4C 
    -------------------------------------------------------------------------
CODE
  Relative segment, address: 6B52 - 6B71 (0x20 bytes), align: 1
  Segment part 25.            Intra module refs:   osal_msg_receive
                                                   osal_msg_send
           ENTRY                   ADDRESS         REF BY
           =====                   =======         ======
           osal_set_event          6B52            ?Subroutine0 (tvsa)
                                                   ?Subroutine1 (zap_app)
                                                   HalKeyConfig (hal_key)
                                                   HalLedBlink (hal_led)
                                                   Segment part 29 (zap_zdo)
                                                   Segment part 51 (tvsa)
                                                   osalTimerUpdate (OSAL_Timers)
                                                   pulseAppEvt (tvsa)
                                                   pulseZdoStateChange (tvsa)
                                                   zapAfSync (zap_af)
                                                   zapGotSync (zap_app)
               CSTACK = 00000000 ( 00000004 )
    -------------------------------------------------------------------------
CODE
  Relative segment, address: 6B72 - 6B7D (0xc bytes), align: 1
  Segment part 18.
           ENTRY                   ADDRESS         REF BY
           =====                   =======         ======
           osal_int_disable        6B72            main (hal_main)
               CSTACK = 00000000 ( 00000004 )
    -------------------------------------------------------------------------
CODE
  Relative segment, address: 6B7E - 6B83 (0x6 bytes), align: 1
  Segment part 19.            Intra module refs:   osal_int_disable
                                                   osal_int_enable
           LOCAL                   ADDRESS         
           =====                   =======         
           ?Subroutine3            6B7E 
    -------------------------------------------------------------------------
CODE
  Relative segment, address: 6B84 - 6B91 (0xe bytes), align: 1
  Segment part 20.
           ENTRY                   ADDRESS         REF BY
           =====                   =======         ======
           osal_int_enable         6B84            main (hal_main)
               CSTACK = 00000000 ( 00000004 )
    -------------------------------------------------------------------------
CODE
  Relative segment, address: 6B92 - 6BAD (0x1c bytes), align: 1
  Segment part 17.
           ENTRY                   ADDRESS         REF BY
           =====                   =======         ======
           osal_init_system        6B92            main (hal_main)
               calls direct
               CSTACK = 00000000 ( 00000004 )
    -------------------------------------------------------------------------
CODE
  Relative segment, address: 6BAE - 6BB5 (0x8 bytes), align: 1
  Segment part 16.
           ENTRY                   ADDRESS         REF BY
           =====                   =======         ======
           osal_start_system       6BAE            main (hal_main)
               calls direct
               CSTACK = 00000000 ( 00000004 )
    -------------------------------------------------------------------------
CODE
  Relative segment, address: 6BB6 - 6C27 (0x72 bytes), align: 1
  Segment part 15.            Intra module refs:   osal_start_system
           ENTRY                   ADDRESS         REF BY
           =====                   =======         ======
           osal_run_system         6BB6 
               calls direct and indirect
               CSTACK = 00000000 ( 00000008 )
    -------------------------------------------------------------------------
DATA16_ID
  Relative segment, address: 66F8 - 66F8 (0x1 bytes), align: 0
  Segment part 8.             Intra module refs:   activeTaskID
    -------------------------------------------------------------------------
DATA16_C
  Relative segment, address: 65AC - 65AD (0x2 bytes), align: 0
  Segment part 5.             Intra module refs:   ?Subroutine8
                                                   _ltoa

    *************************************************************************

  FILE NAME : C:\Users\student\Documents\GitHub\MHMS\MHMS\ZAP-MSP430-2.5.1\Projects\zstack\ZAP\TVSA\EXP5438\Routinator\Obj\OSAL_Memory.r43
  PROGRAM MODULE, NAME : OSAL_Memory

  SEGMENTS IN THE MODULE
  ======================
DATA16_N
  Relative segment, address: 2C90 - 3C8F (0x1000 bytes), align: 1
  Segment part 2.             Intra module refs:   osal_mem_alloc
                                                   osal_mem_free
                                                   osal_mem_init
           LOCAL                   ADDRESS         
           =====                   =======         
           theHeap                 2C90 
    -------------------------------------------------------------------------
DATA16_N
  Relative segment, address: 3C90 - 3C91 (0x2 bytes), align: 1
  Segment part 3.             Intra module refs:   osal_mem_alloc
                                                   osal_mem_free
                                                   osal_mem_init
                                                   osal_mem_kick
           LOCAL                   ADDRESS         
           =====                   =======         
           ff1                     3C90 
    -------------------------------------------------------------------------
DATA16_Z
  Relative segment, address: 2C35 - 2C35 (0x1 bytes), align: 0
  Segment part 4.             Intra module refs:   osal_mem_alloc
                                                   osal_mem_kick
           LOCAL                   ADDRESS         
           =====                   =======         
           osalMemStat             2C35 
    -------------------------------------------------------------------------
CODE
  Relative segment, address: 6C28 - 6C45 (0x1e bytes), align: 1
  Segment part 8.
           ENTRY                   ADDRESS         REF BY
           =====                   =======         ======
           osal_mem_init           6C28            osal_init_system (OSAL)
               CSTACK = 00000000 ( 00000004 )
    -------------------------------------------------------------------------
CODE
  Relative segment, address: 6C46 - 6C75 (0x30 bytes), align: 1
  Segment part 7.
           ENTRY                   ADDRESS         REF BY
           =====                   =======         ======
           osal_mem_kick           6C46            osal_init_system (OSAL)
               calls direct
               CSTACK = 00000000 ( 00000008 )
    -------------------------------------------------------------------------
CODE
  Relative segment, address: 6C76 - 6D33 (0xbe bytes), align: 1
  Segment part 6.             Intra module refs:   osal_mem_kick
           ENTRY                   ADDRESS         REF BY
           =====                   =======         ======
           osal_mem_alloc          6C76            HalLcdWriteString (hal_lcd)
                                                   HalUARTOpen (hal_uart)
                                                   afRegisterExtended (zap_af)
                                                   osalAddTimer (OSAL_Timers)
                                                   osalInitTasks (OSAL_TVSA)
                                                   osal_msg_allocate (OSAL)
                                                   zap_msg_allocate (zap_app)
               calls direct
               CSTACK = 00000000 ( 0000000C )
    -------------------------------------------------------------------------
CODE
  Relative segment, address: 6D34 - 6D6F (0x3c bytes), align: 1
  Segment part 5.             Intra module refs:   osal_mem_kick
           ENTRY                   ADDRESS         REF BY
           =====                   =======         ======
           osal_mem_free           6D34            HalLcdWriteString (hal_lcd)
                                                   osalTimerUpdate (OSAL_Timers)
                                                   osal_msg_deallocate (OSAL)
                                                   zap_msg_deallocate (zap_app)
               calls direct
               CSTACK = 00000000 ( 00000006 )

    *************************************************************************

  FILE NAME : C:\Users\student\Documents\GitHub\MHMS\MHMS\ZAP-MSP430-2.5.1\Projects\zstack\ZAP\TVSA\EXP5438\Routinator\Obj\OSAL_Nv.r43
  PROGRAM MODULE, NAME : OSAL_Nv

  SEGMENTS IN THE MODULE
  ======================
DATA16_C
  Relative segment, address: 5D06 - 5D0B (0x6 bytes), align: 1
  Segment part 2.             Intra module refs:   hotItem
           LOCAL                   ADDRESS         
           =====                   =======         
           hotIds                  5D06 
    -------------------------------------------------------------------------
ZIGNV_ADDRESS_SPACE
  Relative segment, address: CA00 - F9FF (0x3000 bytes), align: 0
  Segment part 3.             Intra module refs:   pgOff
           ENTRY                   ADDRESS         REF BY
           =====                   =======         ======
           _nvBuf                  CA00 
    -------------------------------------------------------------------------
DATA16_Z
  Relative segment, address: 1C94 - 1CAB (0x18 bytes), align: 1
  Segment part 4.             Intra module refs:   compactPage
                                                   erasePage
                                                   initPage
                                                   writeItem
           LOCAL                   ADDRESS         
           =====                   =======         
           pgOff                   1C94 
    -------------------------------------------------------------------------
DATA16_Z
  Relative segment, address: 1CAC - 1CC3 (0x18 bytes), align: 1
  Segment part 5.             Intra module refs:   erasePage
                                                   initNV
                                                   initPage
                                                   setItem
                                                   writeItem
           LOCAL                   ADDRESS         
           =====                   =======         
           pgLost                  1CAC 
    -------------------------------------------------------------------------
DATA16_Z
  Relative segment, address: 2C36 - 2C36 (0x1 bytes), align: 0
  Segment part 6.             Intra module refs:   ?Subroutine11
                                                   compactPage
                                                   initNV
           LOCAL                   ADDRESS         
           =====                   =======         
           pgRes                   2C36 
    -------------------------------------------------------------------------
DATA16_Z
  Relative segment, address: 2C37 - 2C39 (0x3 bytes), align: 0
  Segment part 7.             Intra module refs:   hotItemUpdate
           LOCAL                   ADDRESS         
           =====                   =======         
           hotPg                   2C37 
    -------------------------------------------------------------------------
DATA16_Z
  Relative segment, address: 1CC4 - 1CC9 (0x6 bytes), align: 1
  Segment part 8.             Intra module refs:   hotItemUpdate
           LOCAL                   ADDRESS         
           =====                   =======         
           hotOff                  1CC4 
    -------------------------------------------------------------------------
CODE
  Relative segment, address: 6D70 - 6DC1 (0x52 bytes), align: 1
  Segment part 10.            Intra module refs:   Segment part 23
                                                   compactPage
                                                   initPage
           LOCAL                   ADDRESS         
           =====                   =======         
           setItem                 6D70 
               calls direct
               CSTACK = 00000000 ( 00000014 )
    -------------------------------------------------------------------------
CODE
  Relative segment, address: 6DC2 - 6DC7 (0x6 bytes), align: 1
  Segment part 11.            Intra module refs:   initNV
                                                   setItem
           LOCAL                   ADDRESS         
           =====                   =======         
           ?Subroutine0            6DC2 
    -------------------------------------------------------------------------
CODE
  Relative segment, address: 6DC8 - 6DE7 (0x20 bytes), align: 1
  Segment part 12.            Intra module refs:   ?Subroutine5
                                                   compactPage
                                                   writeItem
           LOCAL                   ADDRESS         
           =====                   =======         
           calcChkF                6DC8 
               CSTACK = 00000000 ( 00000004 )
    -------------------------------------------------------------------------
CODE
  Relative segment, address: 6DE8 - 6EA9 (0xc2 bytes), align: 1
  Segment part 13.            Intra module refs:   findItem
                                                   initNV
           LOCAL                   ADDRESS         
           =====                   =======         
           initPage                6DE8 
               calls direct
               CSTACK = 00000000 ( 0000001A )
    -------------------------------------------------------------------------
CODE
  Relative segment, address: 6EAA - 6EAF (0x6 bytes), align: 1
  Segment part 14.            Intra module refs:   compactPage
                                                   initPage
           LOCAL                   ADDRESS         
           =====                   =======         
           ?Subroutine4            6EAA 
    -------------------------------------------------------------------------
CODE
  Relative segment, address: 6EB0 - 6EB1 (0x2 bytes), align: 1
  Segment part 15.            Intra module refs:   ?Subroutine4
                                                   writeItem
    -------------------------------------------------------------------------
CODE
  Relative segment, address: 6EB2 - 6EB7 (0x6 bytes), align: 1
  Segment part 16.            Intra module refs:   Segment part 15
                                                   writeItem
    -------------------------------------------------------------------------
CODE
  Relative segment, address: 6EB8 - 6EF1 (0x3a bytes), align: 1
  Segment part 17.            Intra module refs:   initPage
           LOCAL                   ADDRESS         
           =====                   =======         
           findItem                6EB8 
               calls direct
               CSTACK = 00000000 ( 0000000C )
    -------------------------------------------------------------------------
CODE
  Relative segment, address: 6EF2 - 6F09 (0x18 bytes), align: 1
  Segment part 18.            Intra module refs:   ?Subroutine9
           LOCAL                   ADDRESS         
           =====                   =======         
           hotItem                 6EF2 
               CSTACK = 00000000 ( 00000004 )
    -------------------------------------------------------------------------
CODE
  Relative segment, address: 6F0A - 6F11 (0x8 bytes), align: 1
  Segment part 23.            Intra module refs:   initPage
    -------------------------------------------------------------------------
CODE
  Relative segment, address: 6F12 - 6F1D (0xc bytes), align: 1
  Segment part 27.            Intra module refs:   xferBuf
    -------------------------------------------------------------------------
CODE
  Relative segment, address: 6F1E - 6F27 (0xa bytes), align: 1
  Segment part 28.            Intra module refs:   hotItemUpdate
           LOCAL                   ADDRESS         
           =====                   =======         
           ?Subroutine9            6F1E 
    -------------------------------------------------------------------------
CODE
  Relative segment, address: 6F28 - 6F4D (0x26 bytes), align: 1
  Segment part 30.            Intra module refs:   ?Subroutine11
                                                   initNV
           LOCAL                   ADDRESS         
           =====                   =======         
           setPageUse              6F28 
               calls direct
               CSTACK = 00000000 ( 0000000C )
    -------------------------------------------------------------------------
CODE
  Relative segment, address: 6F4E - 6F79 (0x2c bytes), align: 1
  Segment part 31.            Intra module refs:   ?Subroutine11
                                                   compactPage
                                                   initNV
           LOCAL                   ADDRESS         
           =====                   =======         
           erasePage               6F4E 
               calls direct
               CSTACK = 00000000 ( 00000008 )
    -------------------------------------------------------------------------
CODE
  Relative segment, address: 6F7A - 6F95 (0x1c bytes), align: 1
  Segment part 32.            Intra module refs:   compactPage
                                                   writeItem
           LOCAL                   ADDRESS         
           =====                   =======         
           hotItemUpdate           6F7A 
               calls direct
               CSTACK = 00000000 ( 00000006 )
    -------------------------------------------------------------------------
CODE
  Relative segment, address: 6F96 - 6FB7 (0x22 bytes), align: 1
  Segment part 33.            Intra module refs:   compactPage
           LOCAL                   ADDRESS         
           =====                   =======         
           xferBuf                 6F96 
               calls direct
               CSTACK = 00000000 ( 00000008 )
    -------------------------------------------------------------------------
CODE
  Relative segment, address: 6FB8 - 70BF (0x108 bytes), align: 1
  Segment part 34.            Intra module refs:   compactPage
           LOCAL                   ADDRESS         
           =====                   =======         
           writeItem               6FB8 
               calls direct
               CSTACK = 00000000 ( 00000022 )
    -------------------------------------------------------------------------
CODE
  Relative segment, address: 70C0 - 71B9 (0xfa bytes), align: 1
  Segment part 35.            Intra module refs:   initNV
           LOCAL                   ADDRESS         
           =====                   =======         
           compactPage             70C0 
               calls direct
               CSTACK = 00000000 ( 00000020 )
    -------------------------------------------------------------------------
CODE
  Relative segment, address: 71BA - 71C9 (0x10 bytes), align: 1
  Segment part 36.            Intra module refs:   compactPage
                                                   initPage
           LOCAL                   ADDRESS         
           =====                   =======         
           ?Subroutine7            71BA 
    -------------------------------------------------------------------------
CODE
  Relative segment, address: 71CA - 71D7 (0xe bytes), align: 1
  Segment part 37.            Intra module refs:   compactPage
                                                   initPage
           LOCAL                   ADDRESS         
           =====                   =======         
           ?Subroutine5            71CA 
    -------------------------------------------------------------------------
CODE
  Relative segment, address: 71D8 - 71D9 (0x2 bytes), align: 1
  Segment part 38.            Intra module refs:   readHdr
                                                   setPageUse
           LOCAL                   ADDRESS         
           =====                   =======         
           ?Subroutine2            71D8 
    -------------------------------------------------------------------------
CODE
  Relative segment, address: 71DA - 71DB (0x2 bytes), align: 1
  Segment part 39.            Intra module refs:   ?Subroutine2
                                                   compactPage
                                                   xferBuf
    -------------------------------------------------------------------------
CODE
  Relative segment, address: 71DC - 71E5 (0xa bytes), align: 1
  Segment part 40.            Intra module refs:   Segment part 39
                                                   setItem
    -------------------------------------------------------------------------
CODE
  Relative segment, address: 71E6 - 71F5 (0x10 bytes), align: 1
  Segment part 42.            Intra module refs:   compactPage
           LOCAL                   ADDRESS         
           =====                   =======         
           ?Subroutine11           71E6 
    -------------------------------------------------------------------------
CODE
  Relative segment, address: 71F6 - 72D9 (0xe4 bytes), align: 1
  Segment part 45.            Intra module refs:   osal_nv_init
           LOCAL                   ADDRESS         
           =====                   =======         
           initNV                  71F6 
               calls direct
               CSTACK = 00000000 ( 00000014 )
    -------------------------------------------------------------------------
CODE
  Relative segment, address: 72DA - 72ED (0x14 bytes), align: 1
  Segment part 9.             Intra module refs:   Segment part 16
                                                   compactPage
                                                   initNV
                                                   setItem
           LOCAL                   ADDRESS         
           =====                   =======         
           readHdr                 72DA 
               CSTACK = 00000000 ( 00000004 )
    -------------------------------------------------------------------------
CODE
  Relative segment, address: 72EE - 72F1 (0x4 bytes), align: 1
  Segment part 46.
           ENTRY                   ADDRESS         REF BY
           =====                   =======         ======
           osal_nv_init            72EE            main (hal_main)
               calls direct
               CSTACK = 00000000 ( 00000004 )

    *************************************************************************

  FILE NAME : C:\Users\student\Documents\GitHub\MHMS\MHMS\ZAP-MSP430-2.5.1\Projects\zstack\ZAP\TVSA\EXP5438\Routinator\Obj\OSAL_PwrMgr.r43
  PROGRAM MODULE, NAME : OSAL_PwrMgr

  SEGMENTS IN THE MODULE
  ======================
DATA16_Z
  Relative segment, address: 1CCA - 1CD1 (0x8 bytes), align: 1
  Segment part 2.             Intra module refs:   osal_pwrmgr_init
           ENTRY                   ADDRESS         REF BY
           =====                   =======         ======
           pwrmgr_attribute        1CCA 
    -------------------------------------------------------------------------
CODE
  Relative segment, address: 72F2 - 72FB (0xa bytes), align: 1
  Segment part 5.
           ENTRY                   ADDRESS         REF BY
           =====                   =======         ======
           osal_pwrmgr_init        72F2            osal_init_system (OSAL)
               CSTACK = 00000000 ( 00000004 )

    *************************************************************************

  FILE NAME : C:\Users\student\Documents\GitHub\MHMS\MHMS\ZAP-MSP430-2.5.1\Projects\zstack\ZAP\TVSA\EXP5438\Routinator\Obj\OSAL_TVSA.r43
  PROGRAM MODULE, NAME : OSAL_TVSA

  SEGMENTS IN THE MODULE
  ======================
DATA16_C
  Relative segment, address: 5D0C - 5D17 (0xc bytes), align: 1
  Segment part 2.
           ENTRY                   ADDRESS         REF BY
           =====                   =======         ======
           tasksArr                5D0C            osal_run_system (OSAL)
    -------------------------------------------------------------------------
DATA16_C
  Relative segment, address: 65AE - 65AE (0x1 bytes), align: 0
  Segment part 3.
           ENTRY                   ADDRESS         REF BY
           =====                   =======         ======
           tasksCnt                65AE            osal_clear_event (OSAL)
                                                   osal_msg_send (OSAL)
                                                   osal_run_system (OSAL)
                                                   osal_set_event (OSAL)
    -------------------------------------------------------------------------
DATA16_Z
  Relative segment, address: 1CD2 - 1CD3 (0x2 bytes), align: 1
  Segment part 4.             Intra module refs:   osalInitTasks
           ENTRY                   ADDRESS         REF BY
           =====                   =======         ======
           tasksEvents             1CD2            osal_clear_event (OSAL)
                                                   osal_run_system (OSAL)
                                                   osal_set_event (OSAL)
    -------------------------------------------------------------------------
CODE
  Relative segment, address: 72FC - 7323 (0x28 bytes), align: 1
  Segment part 5.
           ENTRY                   ADDRESS         REF BY
           =====                   =======         ======
           osalInitTasks           72FC            osal_init_system (OSAL)
               calls direct
               CSTACK = 00000000 ( 00000004 )

    *************************************************************************

  FILE NAME : C:\Users\student\Documents\GitHub\MHMS\MHMS\ZAP-MSP430-2.5.1\Projects\zstack\ZAP\TVSA\EXP5438\Routinator\Obj\OSAL_Timers.r43
  PROGRAM MODULE, NAME : OSAL_Timers

  SEGMENTS IN THE MODULE
  ======================
DATA16_Z
  Relative segment, address: 1CD4 - 1CD5 (0x2 bytes), align: 1
  Segment part 2.             Intra module refs:   osalAddTimer
                                                   osalFindTimer
                                                   osalTimerUpdate
           ENTRY                   ADDRESS         REF BY
           =====                   =======         ======
           timerHead               1CD4 
    -------------------------------------------------------------------------
DATA16_Z
  Relative segment, address: 1CD6 - 1CD9 (0x4 bytes), align: 1
  Segment part 3.             Intra module refs:   osalTimerInit
                                                   osalTimerUpdate
                                                   osal_GetSystemClock
           LOCAL                   ADDRESS         
           =====                   =======         
           osal_systemClock        1CD6 
    -------------------------------------------------------------------------
CODE
  Relative segment, address: 7324 - 732D (0xa bytes), align: 1
  Segment part 14.
           ENTRY                   ADDRESS         REF BY
           =====                   =======         ======
           osalTimerInit           7324            osal_init_system (OSAL)
               CSTACK = 00000000 ( 00000004 )
    -------------------------------------------------------------------------
CODE
  Relative segment, address: 732E - 7385 (0x58 bytes), align: 1
  Segment part 11.            Intra module refs:   osal_start_timerEx
           ENTRY                   ADDRESS         REF BY
           =====                   =======         ======
           osalAddTimer            732E 
               calls direct
               CSTACK = 00000000 ( 0000000C )
    -------------------------------------------------------------------------
CODE
  Relative segment, address: 7386 - 73A1 (0x1c bytes), align: 1
  Segment part 7.             Intra module refs:   osalAddTimer
                                                   osal_stop_timerEx
           ENTRY                   ADDRESS         REF BY
           =====                   =======         ======
           osalFindTimer           7386 
               CSTACK = 00000000 ( 00000004 )
    -------------------------------------------------------------------------
CODE
  Relative segment, address: 73A2 - 73AB (0xa bytes), align: 1
  Segment part 9.             Intra module refs:   osal_stop_timerEx
           ENTRY                   ADDRESS         REF BY
           =====                   =======         ======
           osalDeleteTimer         73A2 
               CSTACK = 00000000 ( 00000004 )
    -------------------------------------------------------------------------
CODE
  Relative segment, address: 73AC - 73C7 (0x1c bytes), align: 1
  Segment part 13.
           ENTRY                   ADDRESS         REF BY
           =====                   =======         ======
           osal_start_timerEx      73AC            ?Subroutine1 (zap_app)
                                                   ?Subroutine13 (zap_zdo)
                                                   HalLedUpdate (hal_led)
                                                   Hal_ProcessEvent (hal_drivers)
                                                   halBoardPort1Isr (hal_key)
                                                   pulseAnnce (tvsa)
                                                   pulseAppEvt (tvsa)
                                                   pulseDataReq (tvsa)
                                                   pulseZdoStateChange (tvsa)
                                                   zapAfSync (zap_af)
                                                   zapGotSync (zap_app)
               calls direct
               CSTACK = 00000000 ( 00000006 )
    -------------------------------------------------------------------------
CODE
  Relative segment, address: 73C8 - 73EB (0x24 bytes), align: 1
  Segment part 10.
           ENTRY                   ADDRESS         REF BY
           =====                   =======         ======
           osal_stop_timerEx       73C8            HalKeyConfig (hal_key)
                                                   HalLedBlink (hal_led)
                                                   pulseZdoStateChange (tvsa)
               calls direct
               CSTACK = 00000000 ( 00000004 )
    -------------------------------------------------------------------------
CODE
  Relative segment, address: 73EC - 7491 (0xa6 bytes), align: 1
  Segment part 5.
           ENTRY                   ADDRESS         REF BY
           =====                   =======         ======
           osalTimerUpdate         73EC            osalTimeUpdate (hal_board)
               calls direct
               CSTACK = 00000000 ( 00000010 )
    -------------------------------------------------------------------------
CODE
  Relative segment, address: 7492 - 749B (0xa bytes), align: 1
  Segment part 4.
           ENTRY                   ADDRESS         REF BY
           =====                   =======         ======
           osal_GetSystemClock     7492            HalLedBlink (hal_led)
                                                   HalLedUpdate (hal_led)
                                                   Hal_UART_RxProcessEvent (hal_uart)
               CSTACK = 00000000 ( 00000004 )

    *************************************************************************

  FILE NAME : C:\Users\student\Documents\GitHub\MHMS\MHMS\ZAP-MSP430-2.5.1\Projects\zstack\ZAP\TVSA\EXP5438\Routinator\Obj\hal_adc.r43
  PROGRAM MODULE, NAME : hal_adc

  SEGMENTS IN THE MODULE
  ======================
DATA16_AN
  Relative segment, address: 0700 - 0701 (0x2 bytes), align: 0
  Segment part 1. ROOT.       Intra module refs:   HalAdcRead
           ENTRY                   ADDRESS         REF BY
           =====                   =======         ======
           _A_ADC12CTL0_L          0700 
           LOCAL                   ADDRESS         
           =====                   =======         
           ADC12CTL0               0700 
           ADC12CTL0_H             0701 
           ADC12CTL0_L             0700 
    -------------------------------------------------------------------------
DATA16_AN
  Relative segment, address: 0702 - 0703 (0x2 bytes), align: 0
  Segment part 2. ROOT.       Intra module refs:   HalAdcRead
           ENTRY                   ADDRESS         REF BY
           =====                   =======         ======
           _A_ADC12CTL1_L          0702 
           LOCAL                   ADDRESS         
           =====                   =======         
           ADC12CTL1               0702 
           ADC12CTL1_H             0703 
           ADC12CTL1_L             0702 
    -------------------------------------------------------------------------
DATA16_AN
  Relative segment, address: 0704 - 0705 (0x2 bytes), align: 0
  Segment part 3. ROOT.       Intra module refs:   HalAdcRead
           ENTRY                   ADDRESS         REF BY
           =====                   =======         ======
           _A_ADC12CTL2_L          0704 
           LOCAL                   ADDRESS         
           =====                   =======         
           ADC12CTL2               0704 
           ADC12CTL2_H             0705 
           ADC12CTL2_L             0704 
    -------------------------------------------------------------------------
DATA16_AN
  Relative segment, address: 070A - 070B (0x2 bytes), align: 0
  Segment part 4. ROOT.       Intra module refs:   HalAdcRead
           ENTRY                   ADDRESS         REF BY
           =====                   =======         ======
           _A_ADC12IFG_L           070A 
           LOCAL                   ADDRESS         
           =====                   =======         
           ADC12IFG                070A 
           ADC12IFG_H              070B 
           ADC12IFG_L              070A 
    -------------------------------------------------------------------------
DATA16_AN
  Relative segment, address: 0720 - 0721 (0x2 bytes), align: 0
  Segment part 5. ROOT.       Intra module refs:   HalAdcRead
           ENTRY                   ADDRESS         REF BY
           =====                   =======         ======
           _A_ADC12MEM0_L          0720 
           LOCAL                   ADDRESS         
           =====                   =======         
           ADC12MEM0               0720 
           ADC12MEM0_H             0721 
           ADC12MEM0_L             0720 
    -------------------------------------------------------------------------
DATA16_AN
  Relative segment, address: 0710 - 0710 (0x1 bytes), align: 0
  Segment part 6. ROOT.       Intra module refs:   HalAdcRead
           ENTRY                   ADDRESS         REF BY
           =====                   =======         ======
           ADC12MCTL0              0710 
    -------------------------------------------------------------------------
CODE
  Relative segment, address: 749C - 749D (0x2 bytes), align: 1
  Segment part 11.
           ENTRY                   ADDRESS         REF BY
           =====                   =======         ======
           HalAdcInit              749C            HalDriverInit (hal_drivers)
               CSTACK = 00000000 ( 00000004 )
    -------------------------------------------------------------------------
CODE
  Relative segment, address: 749E - 74FB (0x5e bytes), align: 1
  Segment part 9.
           ENTRY                   ADDRESS         REF BY
           =====                   =======         ======
           HalAdcRead              749E            pulseBPM (tvsa)
               CSTACK = 00000000 ( 00000004 )
    -------------------------------------------------------------------------
CODE
  Relative segment, address: 74FC - 751B (0x20 bytes), align: 1
  Segment part 10.            Intra module refs:   HalAdcRead
           LOCAL                   ADDRESS         
           =====                   =======         
           ?Subroutine0            74FC 

    *************************************************************************

  FILE NAME : C:\Users\student\Documents\GitHub\MHMS\MHMS\ZAP-MSP430-2.5.1\Projects\zstack\ZAP\TVSA\EXP5438\Routinator\Obj\hal_assert.r43
  PROGRAM MODULE, NAME : hal_assert

  SEGMENTS IN THE MODULE
  ======================
DATA16_AN
  Relative segment, address: 0200 - 0201 (0x2 bytes), align: 0
  Segment part 1. ROOT.       Intra module refs:   HalKeyPoll (hal_key)
                                                   getSRDY1 (zap_phy)
                                                   getSRDY2 (zap_phy)
                                                   halAssertHazardLights
                                                   zapPhySpiPoll (zap_phy)
                                                   zapPhySpiRun (zap_phy)
           ENTRY                   ADDRESS         REF BY
           =====                   =======         ======
           _A_PAIN_L               0200 
           LOCAL                   ADDRESS         
           =====                   =======         
           PAIN                    0200 
           PAIN_H                  0201 
           PAIN_L                  0200 
    -------------------------------------------------------------------------
DATA16_AN
  Relative segment, address: 0202 - 0203 (0x2 bytes), align: 0
  Segment part 2. ROOT.       Intra module refs:   HalKeyConfig (hal_key)
                                                   HalLedOnOff (hal_led)
                                                   getSRDY1 (zap_phy)
                                                   halAssertHazardLights
                                                   main (hal_main)
                                                   quickReset (zap_app)
                                                   spiSREQ (zap_phy)
                                                   zapPhyInit (zap_phy)
                                                   zapPhyReset (zap_phy)
                                                   zapPhySpiInit (zap_phy)
                                                   zapPhySpiPoll (zap_phy)
                                                   zapPhySpiRun (zap_phy)
                                                   zapPhySpiSend (zap_phy)
           ENTRY                   ADDRESS         REF BY
           =====                   =======         ======
           _A_PAOUT_L              0202 
           LOCAL                   ADDRESS         
           =====                   =======         
           PAOUT                   0202 
           PAOUT_H                 0203 
           PAOUT_L                 0202 
    -------------------------------------------------------------------------
DATA16_AN
  Relative segment, address: 0204 - 0205 (0x2 bytes), align: 0
  Segment part 3. ROOT.       Intra module refs:   HalKeyConfig (hal_key)
                                                   halAssertHazardLights
                                                   main (hal_main)
                                                   zapPhyInit (zap_phy)
                                                   zapPhySpiInit (zap_phy)
           ENTRY                   ADDRESS         REF BY
           =====                   =======         ======
           _A_PADIR_L              0204 
           LOCAL                   ADDRESS         
           =====                   =======         
           PADIR                   0204 
           PADIR_H                 0205 
           PADIR_L                 0204 
    -------------------------------------------------------------------------
DATA16_AN
  Relative segment, address: 0262 - 0263 (0x2 bytes), align: 0
  Segment part 4. ROOT.       Intra module refs:   HalLcd_HW_Init (hal_lcd)
                                                   HalLcd_HW_SendCmd (hal_lcd)
                                                   halAssertHazardLights
                                                   main (hal_main)
                                                   zapPhyInit (zap_phy)
           ENTRY                   ADDRESS         REF BY
           =====                   =======         ======
           _A_PDOUT_L              0262 
           LOCAL                   ADDRESS         
           =====                   =======         
           PDOUT                   0262 
           PDOUT_H                 0263 
           PDOUT_L                 0262 
    -------------------------------------------------------------------------
DATA16_AN
  Relative segment, address: 0264 - 0265 (0x2 bytes), align: 0
  Segment part 5. ROOT.       Intra module refs:   HalLcd_HW_Init (hal_lcd)
                                                   halAssertHazardLights
                                                   main (hal_main)
                                                   zapPhyInit (zap_phy)
           ENTRY                   ADDRESS         REF BY
           =====                   =======         ======
           _A_PDDIR_L              0264 
           LOCAL                   ADDRESS         
           =====                   =======         
           PDDIR                   0264 
           PDDIR_H                 0265 
           PDDIR_L                 0264 
    -------------------------------------------------------------------------
DATA16_AN
  Relative segment, address: 0266 - 0267 (0x2 bytes), align: 0
  Segment part 6. ROOT.       Intra module refs:   halAssertHazardLights
                                                   main (hal_main)
                                                   zapPhyInit (zap_phy)
           ENTRY                   ADDRESS         REF BY
           =====                   =======         ======
           _A_PDREN_L              0266 
           LOCAL                   ADDRESS         
           =====                   =======         
           PDREN                   0266 
           PDREN_H                 0267 
           PDREN_L                 0266 
    -------------------------------------------------------------------------
CODE
  Relative segment, address: 751C - 751F (0x4 bytes), align: 1
  Segment part 12.
           ENTRY                   ADDRESS         REF BY
           =====                   =======         ======
           halAssertHandler        751C            osal_mem_alloc (OSAL_Memory)
                                                   osal_mem_free (OSAL_Memory)
                                                   osal_mem_kick (OSAL_Memory)
                                                   zap_msg_deallocate (zap_app)
               calls direct
               CSTACK = 00000000 ( 00000004 )
    -------------------------------------------------------------------------
CODE
  Relative segment, address: 7520 - 764B (0x12c bytes), align: 1
  Segment part 10.            Intra module refs:   halAssertHandler
           ENTRY                   ADDRESS         REF BY
           =====                   =======         ======
           halAssertHazardLights   7520 
               calls direct
               CSTACK = 00000000 ( 0000000E )
    -------------------------------------------------------------------------
CODE
  Relative segment, address: 764C - 765D (0x12 bytes), align: 1
  Segment part 11.            Intra module refs:   halAssertHazardLights
           LOCAL                   ADDRESS         
           =====                   =======         
           ?Subroutine0            764C 
    -------------------------------------------------------------------------
DATA16_Z
  Relative segment, address: 2C3A - 2C3A (0x1 bytes), align: 0
  Segment part 9.             Intra module refs:   halAssertHazardLights
           LOCAL                   ADDRESS         
           =====                   =======         
           halAssertHazardLights{18}{19}{25}::escape
                                   2C3A 

    *************************************************************************

  FILE NAME : C:\Users\student\Documents\GitHub\MHMS\MHMS\ZAP-MSP430-2.5.1\Projects\zstack\ZAP\TVSA\EXP5438\Routinator\Obj\hal_board.r43
  PROGRAM MODULE, NAME : hal_board

  SEGMENTS IN THE MODULE
  ======================
DATA16_AN
  Relative segment, address: 021C - 021D (0x2 bytes), align: 0
  Segment part 1. ROOT.       Intra module refs:   HalBoardPort1Isr
                                                   HalKeyConfig (hal_key)
                                                   halBoardPort1Isr (hal_key)
           ENTRY                   ADDRESS         REF BY
           =====                   =======         ======
           _A_PAIFG_L              021C 
           LOCAL                   ADDRESS         
           =====                   =======         
           PAIFG                   021C 
           PAIFG_H                 021D 
           PAIFG_L                 021C 
    -------------------------------------------------------------------------
DATA16_AN
  Relative segment, address: 0340 - 0341 (0x2 bytes), align: 0
  Segment part 2. ROOT.       Intra module refs:   InitClock
           ENTRY                   ADDRESS         REF BY
           =====                   =======         ======
           TA0CTL                  0340 
    -------------------------------------------------------------------------
DATA16_AN
  Relative segment, address: 0342 - 0343 (0x2 bytes), align: 0
  Segment part 3. ROOT.       Intra module refs:   InitClock
           ENTRY                   ADDRESS         REF BY
           =====                   =======         ======
           TA0CCTL0                0342 
    -------------------------------------------------------------------------
DATA16_AN
  Relative segment, address: 0352 - 0353 (0x2 bytes), align: 0
  Segment part 4. ROOT.       Intra module refs:   InitClock
           ENTRY                   ADDRESS         REF BY
           =====                   =======         ======
           TA0CCR0                 0352 
    -------------------------------------------------------------------------
DATA16_Z
  Relative segment, address: 2C3B - 2C3B (0x1 bytes), align: 0
  Segment part 8.             Intra module refs:   InitBoard
           ENTRY                   ADDRESS         REF BY
           =====                   =======         ======
[...]
                                                   pgLost (OSAL_Nv)
                                                   pgOff (OSAL_Nv)
                                                   pgRes (OSAL_Nv)
                                                   preBlinkState (hal_led)
                                                   pulseAddr (tvsa)
                                                   pulseBuf (tvsa)
                                                   pulseCnfErrCnt (tvsa)
                                                   pulseCnt (tvsa)
                                                   pulseDat (tvsa)
                                                   pulseDataReq::pulseDataReqFlag (tvsa)
                                                   pulseTSN (tvsa)
                                                   pulseTaskId (tvsa)
                                                   pwrmgr_attribute (OSAL_PwrMgr)
                                                   rate (tvsa)
                                                   s_savWDT (MSP430FlashUtil)
                                                   sampleCounter (tvsa)
                                                   tasksEvents (OSAL_TVSA)
                                                   timeMSec (hal_board)
                                                   timerHead (OSAL_Timers)
                                                   uartRecord (hal_uart)
                                                   zapAppPort (zap_app)
                                                   zapDisAddr (zap_app)
                                                   zapDisIEEE (zap_app)
                                                   zapDisPanId (zap_app)
                                                   zapDisState (zap_app)
                                                   zapMonInfo::getInfoIdx (zap_app)
                                                   zapPhySpiDly (zap_phy)
                                                   zapTaskId (zap_app)
                                                   zdoCBFunc (zap_zdo)
                                                   zdoMsgCBs (zap_zdo)
                                                   znpAddr (zap_app)
                                                   znpIEEE (zap_app)
                                                   znpPanId (zap_app)
                                                   znpParent (zap_app)
    -------------------------------------------------------------------------
CSTART
  Relative segment, address: 5C18 - 5C27 (0x10 bytes), align: 1
  Segment part 16.
           ENTRY                   ADDRESS         REF BY
           =====                   =======         ======
           ?cstart_init_copy       5C18            Draw_Block_Address_Macro (hal_lcd)
                                                   Draw_Block_Value_Macro (hal_lcd)
                                                   LcdInitMacro (hal_lcd)
                                                   P (tvsa)
                                                   T (tvsa)
                                                   UBRRTable (hal_uart)
                                                   activeTaskID (OSAL)
                                                   amp (tvsa)
                                                   firstBeat (tvsa)
                                                   registeredKeysTaskID (hal_board)
                                                   secondBeat (tvsa)
                                                   thresh (tvsa)
                                                   zLogicalType (zap_app)
    -------------------------------------------------------------------------
CSTART
  Relative segment, address: 5C28 - 5C2F (0x8 bytes), align: 1
  Segment part 22.            Intra module refs:   ?cstart_call_low_level_init
                                                   Segment part 12
           ENTRY                   ADDRESS         REF BY
           =====                   =======         ======
           ?cstart_call_main       5C28 
           ?cstart_end             5C30 

    -------------------------------------------------------------------------
  LIBRARY MODULE, NAME : ?reset_vector

  SEGMENTS IN THE MODULE
  ======================
RESET
  Relative segment, address: FFFE - FFFF (0x2 bytes), align: 1
  Segment part 0.
           ENTRY                   ADDRESS         REF BY
           =====                   =======         ======
           ?reset_vector           FFFE            Segment part 12 (?cstart)

    -------------------------------------------------------------------------
  LIBRARY MODULE, NAME : ?DivMod816u

  SEGMENTS IN THE MODULE
  ======================
CODE
  Relative segment, address: A02A - A045 (0x1c bytes), align: 1
  Segment part 0.
           ENTRY                   ADDRESS         REF BY
           =====                   =======         ======
           ?DivMod8u               A02A            ?Subroutine3 (tvsa)
                                                   ?Subroutine7 (tvsa)
                                                   ?Subroutine9 (tvsa)
           ?DivMod16u              A02E            ?Subroutine0 (hal_board)
                                                   ?Subroutine3 (tvsa)
                                                   Segment part 0 (?DivMod816s)
                                                   Segment part 62 (tvsa)
                                                   _itoa (hal_board)
                                                   pulseDataReq (tvsa)
                                                   pulseDataRx (tvsa)

    -------------------------------------------------------------------------
  LIBRARY MODULE, NAME : ?DivMod816s

  SEGMENTS IN THE MODULE
  ======================
CODE
  Relative segment, address: A046 - A079 (0x34 bytes), align: 1
  Segment part 0.
           ENTRY                   ADDRESS         REF BY
           =====                   =======         ======
           ?DivMod8s               A046 
           ?DivMod16s              A04A            pulseBPM (tvsa)

    -------------------------------------------------------------------------
  LIBRARY MODULE, NAME : ?DivMod32u

  SEGMENTS IN THE MODULE
  ======================
CODE
  Relative segment, address: A07A - A0B1 (0x38 bytes), align: 1
  Segment part 0.
           ENTRY                   ADDRESS         REF BY
           =====                   =======         ======
           ?DivMod32u              A07A            ?DivMod32s (?DivMod32s)
                                                   ?Subroutine6 (OSAL)
                                                   HalLedUpdate (hal_led)
                                                   _ltoa (OSAL)

    -------------------------------------------------------------------------
  LIBRARY MODULE, NAME : ?DivMod32s

  SEGMENTS IN THE MODULE
  ======================
CODE
  Relative segment, address: A0B2 - A0F1 (0x40 bytes), align: 1
  Segment part 0.
           ENTRY                   ADDRESS         REF BY
           =====                   =======         ======
           ?DivMod32s              A0B2            pulseBPM (tvsa)

    -------------------------------------------------------------------------
  LIBRARY MODULE, NAME : ?ShiftLeft32_8n

  SEGMENTS IN THE MODULE
  ======================
CODE
  Relative segment, address: A0F2 - A0FD (0xc bytes), align: 1
  Segment part 6.
           ENTRY                   ADDRESS         REF BY
           =====                   =======         ======
           ?ShiftLeft32_8          A0F2            afIncMsgPktParse (zap_af)

    -------------------------------------------------------------------------
  LIBRARY MODULE, NAME : ?memcpy

  SEGMENTS IN THE MODULE
  ======================
CODE
  Relative segment, address: A0FE - A117 (0x1a bytes), align: 1
  Segment part 2.
           ENTRY                   ADDRESS         REF BY
           =====                   =======         ======
           memcpy                  A0FE            __data16_memcpy (?memzero)
               CSTACK = 00000000 ( 00000006 )

    -------------------------------------------------------------------------
  LIBRARY MODULE, NAME : ?CopyMemoryBytes

  SEGMENTS IN THE MODULE
  ======================
CODE
  Relative segment, address: A118 - A127 (0x10 bytes), align: 1
  Segment part 0.
           ENTRY                   ADDRESS         REF BY
           =====                   =======         ======
           ?CopyMemoryBytes        A118            ?Subroutine1 (tvsa)

    -------------------------------------------------------------------------
  LIBRARY MODULE, NAME : ?ClearMemoryBytes

  SEGMENTS IN THE MODULE
  ======================
CODE
  Relative segment, address: A128 - A137 (0x10 bytes), align: 1
  Segment part 0.
           ENTRY                   ADDRESS         REF BY
           =====                   =======         ======
           ?ClearMemoryBytes       A128            ?Subroutine7 (OSAL)

    -------------------------------------------------------------------------
  LIBRARY MODULE, NAME : ?memset

  SEGMENTS IN THE MODULE
  ======================
CODE
  Relative segment, address: A138 - A14F (0x18 bytes), align: 1
  Segment part 2.
           ENTRY                   ADDRESS         REF BY
           =====                   =======         ======
           memset                  A138            osal_memset (OSAL)
               CSTACK = 00000000 ( 00000006 )

    -------------------------------------------------------------------------
  LIBRARY MODULE, NAME : ?memzero

  SEGMENTS IN THE MODULE
  ======================
CODE
  Relative segment, address: A150 - A161 (0x12 bytes), align: 1
  Segment part 4.
           ENTRY                   ADDRESS         REF BY
           =====                   =======         ======
           __data16_memzero        A150            ?cstart_init_zero (?cstart)
               CSTACK = 00000000 ( 00000004 )
    -------------------------------------------------------------------------
CODE
  Relative segment, address: A162 - A165 (0x4 bytes), align: 1
  Segment part 3.
           ENTRY                   ADDRESS         REF BY
           =====                   =======         ======
           __data16_memcpy         A162            ?cstart_init_copy (?cstart)
               calls direct
               CSTACK = 00000000 ( 00000004 )

    -------------------------------------------------------------------------
  LIBRARY MODULE, NAME : ?IndCallR15

  SEGMENTS IN THE MODULE
  ======================
CODE
  Relative segment, address: A166 - A169 (0x4 bytes), align: 1
  Segment part 0.
           ENTRY                   ADDRESS         REF BY
           =====                   =======         ======
           ?IndCallR15             A166            osal_run_system (OSAL)
                                                   zapProcessIncoming (zap_app)

    -------------------------------------------------------------------------
  LIBRARY MODULE, NAME : ?strcat

  SEGMENTS IN THE MODULE
  ======================
CODE
  Relative segment, address: A16A - A185 (0x1c bytes), align: 1
  Segment part 2.
           ENTRY                   ADDRESS         REF BY
           =====                   =======         ======
           strcat                  A16A            ?Subroutine8 (OSAL)
                                                   Segment part 40 (OSAL)
               CSTACK = 00000000 ( 00000004 )

    -------------------------------------------------------------------------
  LIBRARY MODULE, NAME : ?strcpy

  SEGMENTS IN THE MODULE
  ======================
CODE
  Relative segment, address: A186 - A197 (0x12 bytes), align: 1
  Segment part 2.
           ENTRY                   ADDRESS         REF BY
           =====                   =======         ======
           strcpy                  A186            _ltoa (OSAL)
               CSTACK = 00000000 ( 00000004 )

    -------------------------------------------------------------------------
  LIBRARY MODULE, NAME : ?strlen

  SEGMENTS IN THE MODULE
  ======================
CODE
  Relative segment, address: A198 - A1A9 (0x12 bytes), align: 1
  Segment part 2.
           ENTRY                   ADDRESS         REF BY
           =====                   =======         ======
           strlen                  A198            _ltoa (OSAL)
                                                   osal_strlen (OSAL)
               CSTACK = 00000000 ( 00000004 )




                ****************************************
                *                                      *
                *            MODULE SUMMARY            *
                *                                      *
                ****************************************

Module                CODE      DATA      CONST
------                ----      ----      -----
                     (Rel)  (Rel)  (Abs)  (Rel)
?ClearMemoryBytes       16
?CopyMemoryBytes        16
?DivMod32s              64
?DivMod32u              56
?DivMod816s             52
?DivMod816u             28
?IndCallR15              4
?Mul32Hw32Loc2          34
?Mul8HwLoc2             30
?ShiftLeft32_8n         12
?__exit                  4
?_exit                   4
?clibexit                4
?cstart                 48
?memcpy                 26
?memset                 24
?memzero                22
?reset_vector            2
?strcat                 28
?strcpy                 18
?strlen                 18
MSP430FlashUtil        148      3      4
  + shared                             2
OSAL                 1 054      3             3
OSAL_Memory            328  4 099
OSAL_Nv             13 698     58             6
OSAL_PwrMgr             10      8
OSAL_TVSA               40      2            13
OSAL_Timers            376      6
hal_adc                128            11
hal_assert             322      1
  + shared                            12
hal_board              448     16      6      1
  + shared             110             2
  + common
hal_dco                424            14
  + shared                             2
hal_drivers            114      1
hal_key                382      7      2
  + shared              86             6
  + common
hal_lcd                924  3 866     20  2 424
  + shared                             2
hal_led                606     42
hal_main               110
hal_spi                122            14
hal_startup             10
hal_uart               612     44     10     10
  + shared              94             2
  + common
saddr                    6
tvsa                 2 076     97      4     67
zap_af               1 014      2
zap_app              1 284     32           147
zap_phy                690      2
zap_sapi               244
zap_sys                406
zap_util               306     18
zap_zdo                594     30
zap_znp                466
N/A (command line)            512
N/A (alignment)
----------          ------  -----    ---  -----
Total:              27 452  8 849    113  2 671
  + common             110


                ****************************************
                *                                      *
                *      SEGMENTS IN ADDRESS ORDER       *
                *                                      *
                ****************************************


SEGMENT              SPACE    START ADDRESS   END ADDRESS     SIZE  TYPE  ALIGN
=======              =====    =============   ===========     ====  ====  =====
DATA16_AN                              0120 - 0121               2   rel    0
                                       0124 - 0127               4 
                                       012C - 012D               2 
                                       0140 - 0141               2 
                                       0144 - 0145               2 
                                       015C - 015D               2 
                                       0160 - 0165               6 
                                       0168 - 0169               2 
                                       01B0 - 01B1               2 
                                       0200 - 0207               8 
                                       020A - 020B               2 
                                       0218 - 021D               6 
                                       0222 - 0225               4 
                                       022A - 022B               2 
                                       0242 - 0245               4 
                                       024A - 024B               2 
                                       0260 - 0267               8 
                                       026A - 026B               2 
                                       0282 - 0285               4 
                                       028A - 028B               2 
                                       0340 - 0343               4 
                                       0348 - 0349               2 
                                       0352 - 0353               2 
                                       0358 - 0359               2 
                                       05E0 - 05E1               2 
                                       05E6 - 05E7               2 
                                       05EC - 05EC               1 
                                       05EE - 05EE               1 
                                       05FC - 05FD               2 
                                       0600 - 0601               2 
                                       0606 - 0607               2 
                                       060C - 060C               1 
                                       060E - 060E               1 
                                       061C - 061D               2 
                                       0660 - 0661               2 
                                       0666 - 0667               2 
                                       066A - 066A               1 
                                       066E - 066E               1 
                                       067C - 067D               2 
                                       0700 - 0705               6 
                                       070A - 070B               2 
                                       0710 - 0710               1 
                                       0720 - 0721               2 
DATA16_I                               1C00 - 1C8E              8F   rel    1
DATA16_Z                               1C90 - 2C8F            1000   rel    1
DATA16_N                               2C90 - 3C91            1002   rel    1
CSTACK                                 5A00 - 5BFF             200   rel    1
CSTART                                 5C00 - 5C2F              30   rel    1
ISR_CODE                               5C30 - 5D05              D6   rel    1
DATA16_C                               5D06 - 66E5             9E0   rel    1
DATA16_ID                              66E6 - 6774              8F   rel    1
CODE                                   6776 - A1A9            3A34   rel    1
ZIGNV_ADDRESS_SPACE
                                       CA00 - F9FF            3000   rel    0
INTVEC                                 FF80 - FFED              6E   com    1
RESET                                  FFFE - FFFF               2   rel    1

                ****************************************
                *                                      *
                *        END OF CROSS REFERENCE        *
                *                                      *
                ****************************************

 27 562 bytes of CODE  memory
  8 849 bytes of DATA  memory (+ 113 absolute )
  2 671 bytes of CONST memory

Errors: none
Warnings: none

