################################################################################
#                                                                              #
#      IAR Universal Linker V5.4.1.30                                          #
#                                                                              #
#           Link time     =  18/Apr/2013  16:58:57                             #
#           Target CPU    =  MSP430                                            #
#           List file     =  "C:\Users\student\Documents\GitHub\MHMS\ZAP-MSP43 #
#                            0-2.5.1\Projects\zstack\ZAP\TVSA\EXP5438\ZAP Rout #
#                            er\List\TVSA.map"                                 #
#           Output file 1 =  "C:\Users\student\Documents\GitHub\MHMS\ZAP-MSP43 #
#                            0-2.5.1\Projects\zstack\ZAP\TVSA\EXP5438\ZAP Rout #
#                            er\Exe\TVSA.d43"                                  #
#                            Format: debug                                     #
#                            UBROF version 10.0.6                              #
#                            Using library modules for C-SPY (-rt)             #
#           Command line  =  "C:\Users\student\Documents\GitHub\MHMS\ZAP-MSP43 #
#                            0-2.5.1\Projects\zstack\ZAP\TVSA\EXP5438\ZAP Rout #
#                            er\Obj\MSP430FlashUtil.r43"                       #
#                            "C:\Users\student\Documents\GitHub\MHMS\ZAP-MSP43 #
#                            0-2.5.1\Projects\zstack\ZAP\TVSA\EXP5438\ZAP Rout #
#                            er\Obj\OSAL.r43"                                  #
#                            "C:\Users\student\Documents\GitHub\MHMS\ZAP-MSP43 #
#                            0-2.5.1\Projects\zstack\ZAP\TVSA\EXP5438\ZAP Rout #
#                            er\Obj\OSAL_Memory.r43"                           #
#                            "C:\Users\student\Documents\GitHub\MHMS\ZAP-MSP43 #
#                            0-2.5.1\Projects\zstack\ZAP\TVSA\EXP5438\ZAP Rout #
#                            er\Obj\OSAL_Nv.r43"                               #
#                            "C:\Users\student\Documents\GitHub\MHMS\ZAP-MSP43 #
#                            0-2.5.1\Projects\zstack\ZAP\TVSA\EXP5438\ZAP Rout #
#                            er\Obj\OSAL_PwrMgr.r43"                           #
#                            "C:\Users\student\Documents\GitHub\MHMS\ZAP-MSP43 #
#                            0-2.5.1\Projects\zstack\ZAP\TVSA\EXP5438\ZAP Rout #
#                            er\Obj\OSAL_TVSA.r43"                             #
#                            "C:\Users\student\Documents\GitHub\MHMS\ZAP-MSP43 #
#                            0-2.5.1\Projects\zstack\ZAP\TVSA\EXP5438\ZAP Rout #
#                            er\Obj\OSAL_Timers.r43"                           #
#                            "C:\Users\student\Documents\GitHub\MHMS\ZAP-MSP43 #
#                            0-2.5.1\Projects\zstack\ZAP\TVSA\EXP5438\ZAP Rout #
#                            er\Obj\hal_adc.r43"                               #
#                            "C:\Users\student\Documents\GitHub\MHMS\ZAP-MSP43 #
#                            0-2.5.1\Projects\zstack\ZAP\TVSA\EXP5438\ZAP Rout #
#                            er\Obj\hal_assert.r43"                            #
#                            "C:\Users\student\Documents\GitHub\MHMS\ZAP-MSP43 #
#                            0-2.5.1\Projects\zstack\ZAP\TVSA\EXP5438\ZAP Rout #
#                            er\Obj\hal_board.r43"                             #
#                            "C:\Users\student\Documents\GitHub\MHMS\ZAP-MSP43 #
#                            0-2.5.1\Projects\zstack\ZAP\TVSA\EXP5438\ZAP Rout #
#                            er\Obj\hal_dco.r43"                               #
#                            "C:\Users\student\Documents\GitHub\MHMS\ZAP-MSP43 #
#                            0-2.5.1\Projects\zstack\ZAP\TVSA\EXP5438\ZAP Rout #
#                            er\Obj\hal_drivers.r43"                           #
#                            "C:\Users\student\Documents\GitHub\MHMS\ZAP-MSP43 #
#                            0-2.5.1\Projects\zstack\ZAP\TVSA\EXP5438\ZAP Rout #
#                            er\Obj\hal_key.r43"                               #
#                            "C:\Users\student\Documents\GitHub\MHMS\ZAP-MSP43 #
#                            0-2.5.1\Projects\zstack\ZAP\TVSA\EXP5438\ZAP Rout #
#                            er\Obj\hal_lcd.r43"                               #
#                            "C:\Users\student\Documents\GitHub\MHMS\ZAP-MSP43 #
#                            0-2.5.1\Projects\zstack\ZAP\TVSA\EXP5438\ZAP Rout #
#                            er\Obj\hal_led.r43"                               #
#                            "C:\Users\student\Documents\GitHub\MHMS\ZAP-MSP43 #
#                            0-2.5.1\Projects\zstack\ZAP\TVSA\EXP5438\ZAP Rout #
#                            er\Obj\hal_main.r43"                              #
#                            "C:\Users\student\Documents\GitHub\MHMS\ZAP-MSP43 #
#                            0-2.5.1\Projects\zstack\ZAP\TVSA\EXP5438\ZAP Rout #
#                            er\Obj\hal_spi.r43"                               #
#                            "C:\Users\student\Documents\GitHub\MHMS\ZAP-MSP43 #
#                            0-2.5.1\Projects\zstack\ZAP\TVSA\EXP5438\ZAP Rout #
#                            er\Obj\hal_startup.r43"                           #
#                            "C:\Users\student\Documents\GitHub\MHMS\ZAP-MSP43 #
#                            0-2.5.1\Projects\zstack\ZAP\TVSA\EXP5438\ZAP Rout #
#                            er\Obj\hal_uart.r43"                              #
#                            "C:\Users\student\Documents\GitHub\MHMS\ZAP-MSP43 #
#                            0-2.5.1\Projects\zstack\ZAP\TVSA\EXP5438\ZAP Rout #
#                            er\Obj\saddr.r43"                                 #
#                            "C:\Users\student\Documents\GitHub\MHMS\ZAP-MSP43 #
#                            0-2.5.1\Projects\zstack\ZAP\TVSA\EXP5438\ZAP Rout #
#                            er\Obj\tvsa.r43"                                  #
#                            "C:\Users\student\Documents\GitHub\MHMS\ZAP-MSP43 #
#                            0-2.5.1\Projects\zstack\ZAP\TVSA\EXP5438\ZAP Rout #
#                            er\Obj\tvsa_cc2530znp.r43"                        #
#                            "C:\Users\student\Documents\GitHub\MHMS\ZAP-MSP43 #
#                            0-2.5.1\Projects\zstack\ZAP\TVSA\EXP5438\ZAP Rout #
#                            er\Obj\zap_af.r43"                                #
#                            "C:\Users\student\Documents\GitHub\MHMS\ZAP-MSP43 #
#                            0-2.5.1\Projects\zstack\ZAP\TVSA\EXP5438\ZAP Rout #
#                            er\Obj\zap_app.r43"                               #
#                            "C:\Users\student\Documents\GitHub\MHMS\ZAP-MSP43 #
#                            0-2.5.1\Projects\zstack\ZAP\TVSA\EXP5438\ZAP Rout #
#                            er\Obj\zap_phy.r43"                               #
#                            "C:\Users\student\Documents\GitHub\MHMS\ZAP-MSP43 #
#                            0-2.5.1\Projects\zstack\ZAP\TVSA\EXP5438\ZAP Rout #
#                            er\Obj\zap_sapi.r43"                              #
#                            "C:\Users\student\Documents\GitHub\MHMS\ZAP-MSP43 #
#                            0-2.5.1\Projects\zstack\ZAP\TVSA\EXP5438\ZAP Rout #
#                            er\Obj\zap_sys.r43"                               #
#                            "C:\Users\student\Documents\GitHub\MHMS\ZAP-MSP43 #
#                            0-2.5.1\Projects\zstack\ZAP\TVSA\EXP5438\ZAP Rout #
#                            er\Obj\zap_util.r43"                              #
#                            "C:\Users\student\Documents\GitHub\MHMS\ZAP-MSP43 #
#                            0-2.5.1\Projects\zstack\ZAP\TVSA\EXP5438\ZAP Rout #
#                            er\Obj\zap_zdo.r43"                               #
#                            "C:\Users\student\Documents\GitHub\MHMS\ZAP-MSP43 #
#                            0-2.5.1\Projects\zstack\ZAP\TVSA\EXP5438\ZAP Rout #
#                            er\Obj\zap_zmac.r43"                              #
#                            "C:\Users\student\Documents\GitHub\MHMS\ZAP-MSP43 #
#                            0-2.5.1\Projects\zstack\ZAP\TVSA\EXP5438\ZAP Rout #
#                            er\Obj\zap_znp.r43"                               #
#                            -o                                                #
#                            "C:\Users\student\Documents\GitHub\MHMS\ZAP-MSP43 #
#                            0-2.5.1\Projects\zstack\ZAP\TVSA\EXP5438\ZAP Rout #
#                            er\Exe\TVSA.d43"                                  #
#                            -l                                                #
#                            "C:\Users\student\Documents\GitHub\MHMS\ZAP-MSP43 #
#                            0-2.5.1\Projects\zstack\ZAP\TVSA\EXP5438\ZAP Rout #
#                            er\List\TVSA.map"                                 #
#                            -xmsn                                             #
#                            "-IC:\Program Files (x86)\IAR Systems\Embedded Wo #
#                            rkbench 6.4\430\LIB\"                             #
#                            -f                                                #
#                            C:\Users\student\Documents\GitHub\MHMS\ZAP-MSP430 #
#                            -2.5.1\Projects\zstack\ZAP\TVSA\EXP5438\..\..\..\ #
#                            Tools\MSP5438\MSP430F5438.xcl                     #
#                            (-D_LO_ROM_BEG=0x05C00 -D_LO_ROM_END=0x0FF7F      #
#                            -D_HI_ROM_BEG=0x10000 -D_HI_ROM_END=0x45BFF       #
#                            -D_ZIGNV_BEG=0x0CA00 -D_ZIGNV_END=0x0F9FF         #
#                            -cmsp430                                          #
#                            -Z(DATA)DATA16_I,DATA16_Z,DATA16_N,DATA16_HEAP+_D #
#                            ATA16_HEAP_SIZE=1C00-5BFF                         #
#                            -Z(DATA)CSTACK+_STACK_SIZE#                       #
#                            -Z(CODE)INFO=1800-19FF -Z(CODE)INFOA=1980-19FF    #
#                            -Z(CODE)INFOB=1900-197F -Z(CODE)INFOC=1880-18FF   #
#                            -Z(CODE)INFOD=1800-187F                           #
#                            -Z(CODE)CSTART,ISR_CODE=_LO_ROM_BEG-_LO_ROM_END   #
#                            -Z(CODE)ZIGNV_ADDRESS_SPACE=_ZIGNV_BEG-_ZIGNV_END #
#                            -Z(CODE)INTVEC=FF80-FFFF                          #
#                            -Z(CODE)RESET=FFFE-FFFF                           #
#                            -Z(CONST)DATA16_C,DATA16_ID,DIFUNCT=_LO_ROM_BEG-_ #
#                            LO_ROM_END                                        #
#                            -Z(CONST)DATA20_C,DATA20_ID=_LO_ROM_BEG-_LO_ROM_E #
#                            ND                                                #
#                            -Z(CODE)CODE=_LO_ROM_BEG-_LO_ROM_END,_HI_ROM_BEG- #
#                            _HI_ROM_END)                                      #
#                            -f                                                #
#                            "C:\Program Files (x86)\IAR Systems\Embedded Work #
#                            bench 6.4\430\config\multiplier32_loc2.xcl"       #
#                            (-e?Mul8HwLoc2=?Mul8 -e?Mul16HwLoc2=?Mul16        #
#                            -e?Mul16to32uHwLoc2=?Mul16to32u                   #
#                            -e?Mul16to32sHwLoc2=?Mul16to32s                   #
#                            -e?Mul32Hw32Loc2=?Mul32                           #
#                            -e?Mul64Hw32Loc2=_Mul64i                          #
#                            -e?Mul32u32uto64iHw32Loc2=_Mul32u32uto64i         #
#                            -e?Mul32fHwLoc2=_Mul32f                           #
#                            -e_Mul64fHwPtrLoc2=_Mul64fPtr)                    #
#                            -D_STACK_SIZE=200 -rt                             #
#                            "C:\Program Files (x86)\IAR Systems\Embedded Work #
#                            bench 6.4\430\LIB\CLIB\cl430xsf.r43"              #
#                            -e_small_write=_formatted_write                   #
#                            -e_medium_read=_formatted_read                    #
#                            -D_DATA16_HEAP_SIZE=0 -s __program_start          #
#                            -D_DATA20_HEAP_SIZE=50                            #
#                                                                              #
#                           Copyright (C) 1987-2012 IAR Systems AB.            #
################################################################################





                ****************************************
                *                                      *
                *           CROSS REFERENCE            *
                *                                      *
                ****************************************

       Program entry at :           5C00  Relocatable, from module : ?cstart




                ****************************************
                *                                      *
                *            RUNTIME MODEL             *
                *                                      *
                ****************************************

  __SystemLibrary = CLib
  __core          = 430X
  __data_model    = small
  __double_size   = 32
  __pic           = no
  __reg_r4        = free
  __reg_r5        = free
  __rt_version    = 3

                ****************************************
                *                                      *
                *    AUTOMATIC SYMBOL REDIRECTIONS     *
                *                                      *
                ****************************************

                  There are no automatic symbol redirections.



                ****************************************
                *                                      *
                *              MODULE MAP              *
                *                                      *
                ****************************************


  DEFINED ABSOLUTE ENTRIES
    *************************************************************************

  DEFINED ABSOLUTE ENTRIES
  PROGRAM MODULE, NAME : ?ABS_ENTRY_MOD

Absolute parts
           ENTRY                   ADDRESS         REF BY
           =====                   =======         ======
           _DATA20_HEAP_SIZE       0050 
           _DATA16_HEAP_SIZE       0000 
           _STACK_SIZE             0200 
           _ZIGNV_END              F9FF 
           _ZIGNV_BEG              CA00 
           _HI_ROM_END             00045BFF 
           _HI_ROM_BEG             00010000 
           _LO_ROM_END             FF7F 
           _LO_ROM_BEG             5C00 
    *************************************************************************

  FILE NAME : C:\Users\student\Documents\GitHub\MHMS\ZAP-MSP430-2.5.1\Projects\zstack\ZAP\TVSA\EXP5438\ZAP Router\Obj\MSP430FlashUtil.r43
  PROGRAM MODULE, NAME : MSP430FlashUtil

  SEGMENTS IN THE MODULE
  ======================
DATA16_AN
  Relative segment, address: 0140 - 0141 (0x2 bytes), align: 0
  Segment part 1. ROOT.       Intra module refs:   flashErasePage
                                                   flashWrite
           ENTRY                   ADDRESS         REF BY
           =====                   =======         ======
           _A_FCTL1_L              0140 
           LOCAL                   ADDRESS         
           =====                   =======         
           FCTL1                   0140 
           FCTL1_H                 0141 
           FCTL1_L                 0140 
    -------------------------------------------------------------------------
DATA16_AN
  Relative segment, address: 0144 - 0145 (0x2 bytes), align: 0
  Segment part 2. ROOT.       Intra module refs:   flashErasePage
                                                   flashWrite
                                                   initFlash
           ENTRY                   ADDRESS         REF BY
           =====                   =======         ======
           _A_FCTL3_L              0144 
           LOCAL                   ADDRESS         
           =====                   =======         
           FCTL3                   0144 
           FCTL3_H                 0145 
           FCTL3_L                 0144 
    -------------------------------------------------------------------------
DATA16_AN
  Relative segment, address: 015C - 015D (0x2 bytes), align: 0
  Segment part 3. ROOT.       Intra module refs:   __low_level_init (hal_startup)
                                                   doneFlash
                                                   halAssertHazardLights (hal_assert)
                                                   initFlash
                                                   main (hal_main)
           ENTRY                   ADDRESS         REF BY
           =====                   =======         ======
           _A_WDTCTL_L             015C 
           LOCAL                   ADDRESS         
           =====                   =======         
           WDTCTL                  015C 
           WDTCTL_H                015D 
           WDTCTL_L                015C 
    -------------------------------------------------------------------------
DATA16_Z
  Relative segment, address: 2C10 - 2C10 (0x1 bytes), align: 0
  Segment part 5.             Intra module refs:   doneFlash
                                                   initFlash
           LOCAL                   ADDRESS         
           =====                   =======         
           s_savWDT                2C10 
    -------------------------------------------------------------------------
DATA16_Z
  Relative segment, address: 1C86 - 1C87 (0x2 bytes), align: 1
  Segment part 6.             Intra module refs:   doneFlash
                                                   initFlash
           LOCAL                   ADDRESS         
           =====                   =======         
           fuIntState              1C86 
    -------------------------------------------------------------------------
CODE
  Relative segment, address: 676A - 6791 (0x28 bytes), align: 1
  Segment part 8.             Intra module refs:   flashErasePage
                                                   flashWrite
           LOCAL                   ADDRESS         
           =====                   =======         
           initFlash               676A 
               CSTACK = 00000000 ( 00000004 )
    -------------------------------------------------------------------------
CODE
  Relative segment, address: 6792 - 67A3 (0x12 bytes), align: 1
  Segment part 7.             Intra module refs:   flashErasePage
                                                   flashWrite
           LOCAL                   ADDRESS         
           =====                   =======         
           doneFlash               6792 
               CSTACK = 00000000 ( 00000004 )
    -------------------------------------------------------------------------
CODE
  Relative segment, address: 67A4 - 67BF (0x1c bytes), align: 1
  Segment part 10.
           ENTRY                   ADDRESS         REF BY
           =====                   =======         ======
           flashErasePage          67A4            erasePage (OSAL_Nv)
               calls direct
               CSTACK = 00000000 ( 00000004 )
    -------------------------------------------------------------------------
CODE
  Relative segment, address: 67C0 - 67CD (0xe bytes), align: 1
  Segment part 11.            Intra module refs:   flashErasePage
                                                   flashWrite
           LOCAL                   ADDRESS         
           =====                   =======         
           ?Subroutine0            67C0 
    -------------------------------------------------------------------------
CODE
  Relative segment, address: 67CE - 67FD (0x30 bytes), align: 1
  Segment part 9.
           ENTRY                   ADDRESS         REF BY
           =====                   =======         ======
           flashWrite              67CE            compactPage (OSAL_Nv)
                                                   setItem (OSAL_Nv)
                                                   setPageUse (OSAL_Nv)
                                                   writeItem (OSAL_Nv)
                                                   xferBuf (OSAL_Nv)
               calls direct
               CSTACK = 00000000 ( 00000006 )

    *************************************************************************

  FILE NAME : C:\Users\student\Documents\GitHub\MHMS\ZAP-MSP430-2.5.1\Projects\zstack\ZAP\TVSA\EXP5438\ZAP Router\Obj\OSAL.r43
  PROGRAM MODULE, NAME : OSAL

  SEGMENTS IN THE MODULE
  ======================
DATA16_Z
  Relative segment, address: 1C88 - 1C89 (0x2 bytes), align: 1
  Segment part 6.             Intra module refs:   osal_init_system
                                                   osal_msg_find
                                                   osal_msg_receive
                                                   osal_msg_send
           ENTRY                   ADDRESS         REF BY
           =====                   =======         ======
           osal_qHead              1C88 
    -------------------------------------------------------------------------
DATA16_I
  Relative segment, address: 1C0A - 1C0A (0x1 bytes), align: 0
  Segment part 7.             Intra module refs:   osal_run_system
           LOCAL                   ADDRESS         
           =====                   =======         
           activeTaskID            1C0A 
    -------------------------------------------------------------------------
CODE
  Relative segment, address: 67FE - 6801 (0x4 bytes), align: 1
  Segment part 53.
           ENTRY                   ADDRESS         REF BY
           =====                   =======         ======
           osal_strlen             67FE            HalLcdWriteString (hal_lcd)
                                                   HalLcdWriteStringValue (hal_lcd)
               calls direct
               CSTACK = 00000000 ( 00000004 )
    -------------------------------------------------------------------------
CODE
  Relative segment, address: 6802 - 6813 (0x12 bytes), align: 1
  Segment part 50.
           ENTRY                   ADDRESS         REF BY
           =====                   =======         ======
           osal_memcpy             6802            AF_DataRequest (zap_af)
                                                   HalLcdWriteString (hal_lcd)
                                                   HalLcdWriteStringValue (hal_lcd)
                                                   ZDO_SendMsgCBs (zap_zdo)
                                                   afIncMsgPktParse (zap_af)
                                                   afRecv (zap_af)
                                                   sapiReq (zap_sapi)
                                                   tvsaDataRx (tvsa)
                                                   zapDisInfo (zap_app)
                                                   zapPhySpiPoll (zap_phy)
                                                   zapSysReq (zap_sys)
                                                   zapUtilReq (zap_util)
                                                   zb_GetDeviceInfo (zap_sapi)
               CSTACK = 00000000 ( 00000004 )
    -------------------------------------------------------------------------
CODE
  Relative segment, address: 6814 - 6829 (0x16 bytes), align: 1
  Segment part 49.
           ENTRY                   ADDRESS         REF BY
           =====                   =======         ======
           osal_memcmp             6814            zapDisInfo (zap_app)
                                                   zapSync (zap_app)
               CSTACK = 00000000 ( 00000004 )
    -------------------------------------------------------------------------
CODE
  Relative segment, address: 682A - 682F (0x6 bytes), align: 1
  Segment part 48.
           ENTRY                   ADDRESS         REF BY
           =====                   =======         ======
           osal_memset             682A            ?Subroutine2 (zap_phy)
                                                   osalInitTasks (OSAL_TVSA)
                                                   zapSync (zap_app)
                                                   zapUtilReq (zap_util)
                                                   zb_GetDeviceInfo (zap_sapi)
               calls direct
               CSTACK = 00000000 ( 00000004 )
    -------------------------------------------------------------------------
CODE
  Relative segment, address: 6830 - 6989 (0x15a bytes), align: 1
  Segment part 38.
           ENTRY                   ADDRESS         REF BY
           =====                   =======         ======
           _ltoa                   6830            ?Subroutine0 (hal_lcd)
               calls direct
               CSTACK = 00000000 ( 00000032 )
    -------------------------------------------------------------------------
CODE
  Relative segment, address: 698A - 698B (0x2 bytes), align: 1
  Segment part 39.            Intra module refs:   _ltoa
           LOCAL                   ADDRESS         
           =====                   =======         
           ?Subroutine10           698A 
    -------------------------------------------------------------------------
CODE
  Relative segment, address: 698C - 6991 (0x6 bytes), align: 1
  Segment part 40.            Intra module refs:   ?Subroutine10
                                                   _ltoa
    -------------------------------------------------------------------------
CODE
  Relative segment, address: 6992 - 699F (0xe bytes), align: 1
  Segment part 41.            Intra module refs:   _ltoa
           LOCAL                   ADDRESS         
           =====                   =======         
           ?Subroutine8            6992 
    -------------------------------------------------------------------------
CODE
  Relative segment, address: 69A0 - 69A7 (0x8 bytes), align: 1
  Segment part 42.            Intra module refs:   _ltoa
           LOCAL                   ADDRESS         
           =====                   =======         
           ?Subroutine7            69A0 
    -------------------------------------------------------------------------
CODE
  Relative segment, address: 69A8 - 69B1 (0xa bytes), align: 1
  Segment part 43.            Intra module refs:   _ltoa
           LOCAL                   ADDRESS         
           =====                   =======         
           ?Subroutine6            69A8 
    -------------------------------------------------------------------------
CODE
  Relative segment, address: 69B2 - 69DD (0x2c bytes), align: 1
  Segment part 36.
           ENTRY                   ADDRESS         REF BY
           =====                   =======         ======
           osal_msg_allocate       69B2            OnBoard_SendKeys (hal_board)
                                                   ZDO_SendMsgCBs (zap_zdo)
                                                   ZDO_UpdateNwkStatus (zap_zdo)
                                                   afCnf (zap_af)
                                                   afRecv (zap_af)
                                                   zapPhySpiPoll (zap_phy)
               calls direct
               CSTACK = 00000000 ( 00000006 )
    -------------------------------------------------------------------------
CODE
  Relative segment, address: 69DE - 69FD (0x20 bytes), align: 1
  Segment part 34.            Intra module refs:   osal_msg_send
           ENTRY                   ADDRESS         REF BY
           =====                   =======         ======
           osal_msg_deallocate     69DE            Hal_ProcessEvent (hal_drivers)
                                                   tvsaSysEvtMsg (tvsa)
                                                   zapEvt (zap_app)
               calls direct
               CSTACK = 00000000 ( 00000004 )
    -------------------------------------------------------------------------
CODE
  Relative segment, address: 69FE - 6A4B (0x4e bytes), align: 1
  Segment part 35.
           ENTRY                   ADDRESS         REF BY
           =====                   =======         ======
           osal_msg_send           69FE            ?Subroutine2 (zap_af)
                                                   OnBoard_SendKeys (hal_board)
                                                   ZDO_SendMsgCBs (zap_zdo)
                                                   ZDO_UpdateNwkStatus (zap_zdo)
                                                   zapPhySpiPoll (zap_phy)
               calls direct
               CSTACK = 00000000 ( 00000006 )
    -------------------------------------------------------------------------
CODE
  Relative segment, address: 6A4C - 6AA3 (0x58 bytes), align: 1
  Segment part 33.
           ENTRY                   ADDRESS         REF BY
           =====                   =======         ======
           osal_msg_receive        6A4C            Hal_ProcessEvent (hal_drivers)
                                                   tvsaSysEvtMsg (tvsa)
                                                   zapEvt (zap_app)
               calls direct
               CSTACK = 00000000 ( 0000000C )
    -------------------------------------------------------------------------
CODE
  Relative segment, address: 6AA4 - 6AA9 (0x6 bytes), align: 1
  Segment part 30.            Intra module refs:   osal_msg_find
           LOCAL                   ADDRESS         
           =====                   =======         
           ?Subroutine2            6AA4 
    -------------------------------------------------------------------------
CODE
  Relative segment, address: 6AAA - 6AD1 (0x28 bytes), align: 1
  Segment part 31.            Intra module refs:   osal_msg_send
           ENTRY                   ADDRESS         REF BY
           =====                   =======         ======
           osal_msg_enqueue        6AAA 
               CSTACK = 00000000 ( 00000004 )
    -------------------------------------------------------------------------
CODE
  Relative segment, address: 6AD2 - 6AF5 (0x24 bytes), align: 1
  Segment part 32.
           ENTRY                   ADDRESS         REF BY
           =====                   =======         ======
           osal_msg_find           6AD2            ZDO_UpdateNwkStatus (zap_zdo)
               CSTACK = 00000000 ( 00000004 )
    -------------------------------------------------------------------------
CODE
  Relative segment, address: 6AF6 - 6B1D (0x28 bytes), align: 1
  Segment part 27.            Intra module refs:   osal_msg_receive
           ENTRY                   ADDRESS         REF BY
           =====                   =======         ======
           osal_msg_extract        6AF6 
               CSTACK = 00000000 ( 00000006 )
    -------------------------------------------------------------------------
CODE
  Relative segment, address: 6B1E - 6B39 (0x1c bytes), align: 1
  Segment part 22.            Intra module refs:   osal_msg_receive
           ENTRY                   ADDRESS         REF BY
           =====                   =======         ======
           osal_clear_event        6B1E 
               CSTACK = 00000000 ( 00000004 )
    -------------------------------------------------------------------------
CODE
  Relative segment, address: 6B3A - 6B3F (0x6 bytes), align: 1
  Segment part 23.            Intra module refs:   osal_clear_event
                                                   osal_set_event
           LOCAL                   ADDRESS         
           =====                   =======         
           ?Subroutine4            6B3A 
    -------------------------------------------------------------------------
CODE
  Relative segment, address: 6B40 - 6B45 (0x6 bytes), align: 1
  Segment part 24.            Intra module refs:   osal_clear_event
                                                   osal_set_event
           LOCAL                   ADDRESS         
           =====                   =======         
           ?Subroutine1            6B40 
    -------------------------------------------------------------------------
CODE
  Relative segment, address: 6B46 - 6B65 (0x20 bytes), align: 1
  Segment part 25.            Intra module refs:   osal_msg_receive
                                                   osal_msg_send
           ENTRY                   ADDRESS         REF BY
           =====                   =======         ======
           osal_set_event          6B46            ?Subroutine0 (tvsa)
                                                   ?Subroutine1 (zap_app)
                                                   HalKeyConfig (hal_key)
                                                   HalLedBlink (hal_led)
                                                   Segment part 29 (zap_zdo)
                                                   osalTimerUpdate (OSAL_Timers)
                                                   tvsaAnnce (tvsa)
                                                   zapAfSync (zap_af)
                                                   zapGotSync (zap_app)
               CSTACK = 00000000 ( 00000004 )
    -------------------------------------------------------------------------
CODE
  Relative segment, address: 6B66 - 6B71 (0xc bytes), align: 1
  Segment part 18.
           ENTRY                   ADDRESS         REF BY
           =====                   =======         ======
           osal_int_disable        6B66            main (hal_main)
               CSTACK = 00000000 ( 00000004 )
    -------------------------------------------------------------------------
CODE
  Relative segment, address: 6B72 - 6B77 (0x6 bytes), align: 1
  Segment part 19.            Intra module refs:   osal_int_disable
                                                   osal_int_enable
           LOCAL                   ADDRESS         
           =====                   =======         
           ?Subroutine3            6B72 
    -------------------------------------------------------------------------
CODE
  Relative segment, address: 6B78 - 6B85 (0xe bytes), align: 1
  Segment part 20.
           ENTRY                   ADDRESS         REF BY
           =====                   =======         ======
           osal_int_enable         6B78            main (hal_main)
               CSTACK = 00000000 ( 00000004 )
    -------------------------------------------------------------------------
CODE
  Relative segment, address: 6B86 - 6BA1 (0x1c bytes), align: 1
  Segment part 17.
           ENTRY                   ADDRESS         REF BY
           =====                   =======         ======
           osal_init_system        6B86            main (hal_main)
               calls direct
               CSTACK = 00000000 ( 00000004 )
    -------------------------------------------------------------------------
CODE
  Relative segment, address: 6BA2 - 6BA9 (0x8 bytes), align: 1
  Segment part 16.
           ENTRY                   ADDRESS         REF BY
           =====                   =======         ======
           osal_start_system       6BA2            main (hal_main)
               calls direct
               CSTACK = 00000000 ( 00000004 )
    -------------------------------------------------------------------------
CODE
  Relative segment, address: 6BAA - 6C1B (0x72 bytes), align: 1
  Segment part 15.            Intra module refs:   osal_start_system
           ENTRY                   ADDRESS         REF BY
           =====                   =======         ======
           osal_run_system         6BAA 
               calls direct and indirect
               CSTACK = 00000000 ( 00000008 )
    -------------------------------------------------------------------------
DATA16_ID
  Relative segment, address: 66EE - 66EE (0x1 bytes), align: 0
  Segment part 8.             Intra module refs:   activeTaskID
    -------------------------------------------------------------------------
DATA16_C
  Relative segment, address: 65C4 - 65C5 (0x2 bytes), align: 0
  Segment part 5.             Intra module refs:   ?Subroutine8
                                                   _ltoa

    *************************************************************************

  FILE NAME : C:\Users\student\Documents\GitHub\MHMS\ZAP-MSP430-2.5.1\Projects\zstack\ZAP\TVSA\EXP5438\ZAP Router\Obj\OSAL_Memory.r43
  PROGRAM MODULE, NAME : OSAL_Memory

  SEGMENTS IN THE MODULE
  ======================
DATA16_N
  Relative segment, address: 2C54 - 3C53 (0x1000 bytes), align: 1
  Segment part 2.             Intra module refs:   osal_mem_alloc
                                                   osal_mem_free
                                                   osal_mem_init
           LOCAL                   ADDRESS         
           =====                   =======         
           theHeap                 2C54 
    -------------------------------------------------------------------------
DATA16_N
  Relative segment, address: 3C54 - 3C55 (0x2 bytes), align: 1
  Segment part 3.             Intra module refs:   osal_mem_alloc
                                                   osal_mem_free
                                                   osal_mem_init
                                                   osal_mem_kick
           LOCAL                   ADDRESS         
           =====                   =======         
           ff1                     3C54 
    -------------------------------------------------------------------------
DATA16_Z
  Relative segment, address: 2C11 - 2C11 (0x1 bytes), align: 0
  Segment part 4.             Intra module refs:   osal_mem_alloc
                                                   osal_mem_kick
           LOCAL                   ADDRESS         
           =====                   =======         
           osalMemStat             2C11 
    -------------------------------------------------------------------------
CODE
  Relative segment, address: 6C1C - 6C39 (0x1e bytes), align: 1
  Segment part 8.
           ENTRY                   ADDRESS         REF BY
           =====                   =======         ======
           osal_mem_init           6C1C            osal_init_system (OSAL)
               CSTACK = 00000000 ( 00000004 )
    -------------------------------------------------------------------------
CODE
  Relative segment, address: 6C3A - 6C69 (0x30 bytes), align: 1
  Segment part 7.
           ENTRY                   ADDRESS         REF BY
           =====                   =======         ======
           osal_mem_kick           6C3A            osal_init_system (OSAL)
               calls direct
               CSTACK = 00000000 ( 00000008 )
    -------------------------------------------------------------------------
CODE
  Relative segment, address: 6C6A - 6D27 (0xbe bytes), align: 1
  Segment part 6.             Intra module refs:   osal_mem_kick
           ENTRY                   ADDRESS         REF BY
           =====                   =======         ======
           osal_mem_alloc          6C6A            HalLcdWriteString (hal_lcd)
                                                   HalUARTOpen (hal_uart)
                                                   afRegisterExtended (zap_af)
                                                   osalAddTimer (OSAL_Timers)
                                                   osalInitTasks (OSAL_TVSA)
                                                   osal_msg_allocate (OSAL)
                                                   zap_msg_allocate (zap_app)
               calls direct
               CSTACK = 00000000 ( 0000000C )
    -------------------------------------------------------------------------
CODE
  Relative segment, address: 6D28 - 6D63 (0x3c bytes), align: 1
  Segment part 5.             Intra module refs:   osal_mem_kick
           ENTRY                   ADDRESS         REF BY
           =====                   =======         ======
           osal_mem_free           6D28            HalLcdWriteString (hal_lcd)
                                                   osalTimerUpdate (OSAL_Timers)
                                                   osal_msg_deallocate (OSAL)
                                                   zap_msg_deallocate (zap_app)
               calls direct
               CSTACK = 00000000 ( 00000006 )

    *************************************************************************

  FILE NAME : C:\Users\student\Documents\GitHub\MHMS\ZAP-MSP430-2.5.1\Projects\zstack\ZAP\TVSA\EXP5438\ZAP Router\Obj\OSAL_Nv.r43
  PROGRAM MODULE, NAME : OSAL_Nv

  SEGMENTS IN THE MODULE
  ======================
DATA16_C
  Relative segment, address: 5D06 - 5D0B (0x6 bytes), align: 1
  Segment part 2.             Intra module refs:   hotItem
           LOCAL                   ADDRESS         
           =====                   =======         
           hotIds                  5D06 
    -------------------------------------------------------------------------
ZIGNV_ADDRESS_SPACE
  Relative segment, address: CA00 - F9FF (0x3000 bytes), align: 0
  Segment part 3.             Intra module refs:   pgOff
           ENTRY                   ADDRESS         REF BY
           =====                   =======         ======
           _nvBuf                  CA00 
    -------------------------------------------------------------------------
DATA16_Z
  Relative segment, address: 1C8A - 1CA1 (0x18 bytes), align: 1
  Segment part 4.             Intra module refs:   compactPage
                                                   erasePage
                                                   initPage
                                                   writeItem
           LOCAL                   ADDRESS         
           =====                   =======         
           pgOff                   1C8A 
    -------------------------------------------------------------------------
DATA16_Z
  Relative segment, address: 1CA2 - 1CB9 (0x18 bytes), align: 1
  Segment part 5.             Intra module refs:   erasePage
                                                   initNV
                                                   initPage
                                                   setItem
                                                   writeItem
           LOCAL                   ADDRESS         
           =====                   =======         
           pgLost                  1CA2 
    -------------------------------------------------------------------------
DATA16_Z
  Relative segment, address: 2C12 - 2C12 (0x1 bytes), align: 0
  Segment part 6.             Intra module refs:   ?Subroutine11
                                                   compactPage
                                                   initNV
           LOCAL                   ADDRESS         
           =====                   =======         
           pgRes                   2C12 
    -------------------------------------------------------------------------
DATA16_Z
  Relative segment, address: 2C13 - 2C15 (0x3 bytes), align: 0
  Segment part 7.             Intra module refs:   hotItemUpdate
           LOCAL                   ADDRESS         
           =====                   =======         
           hotPg                   2C13 
    -------------------------------------------------------------------------
DATA16_Z
  Relative segment, address: 1CBA - 1CBF (0x6 bytes), align: 1
  Segment part 8.             Intra module refs:   hotItemUpdate
           LOCAL                   ADDRESS         
           =====                   =======         
           hotOff                  1CBA 
    -------------------------------------------------------------------------
CODE
  Relative segment, address: 6D64 - 6DB5 (0x52 bytes), align: 1
  Segment part 10.            Intra module refs:   Segment part 23
                                                   compactPage
                                                   initPage
           LOCAL                   ADDRESS         
           =====                   =======         
           setItem                 6D64 
               calls direct
               CSTACK = 00000000 ( 00000014 )
    -------------------------------------------------------------------------
CODE
  Relative segment, address: 6DB6 - 6DBB (0x6 bytes), align: 1
  Segment part 11.            Intra module refs:   initNV
                                                   setItem
           LOCAL                   ADDRESS         
           =====                   =======         
           ?Subroutine0            6DB6 
    -------------------------------------------------------------------------
CODE
  Relative segment, address: 6DBC - 6DDB (0x20 bytes), align: 1
  Segment part 12.            Intra module refs:   ?Subroutine5
                                                   compactPage
                                                   writeItem
           LOCAL                   ADDRESS         
           =====                   =======         
           calcChkF                6DBC 
               CSTACK = 00000000 ( 00000004 )
    -------------------------------------------------------------------------
CODE
  Relative segment, address: 6DDC - 6E9D (0xc2 bytes), align: 1
  Segment part 13.            Intra module refs:   findItem
                                                   initNV
           LOCAL                   ADDRESS         
           =====                   =======         
           initPage                6DDC 
               calls direct
               CSTACK = 00000000 ( 0000001A )
    -------------------------------------------------------------------------
CODE
  Relative segment, address: 6E9E - 6EA3 (0x6 bytes), align: 1
  Segment part 14.            Intra module refs:   compactPage
                                                   initPage
           LOCAL                   ADDRESS         
           =====                   =======         
           ?Subroutine4            6E9E 
    -------------------------------------------------------------------------
CODE
  Relative segment, address: 6EA4 - 6EA5 (0x2 bytes), align: 1
  Segment part 15.            Intra module refs:   ?Subroutine4
                                                   writeItem
    -------------------------------------------------------------------------
CODE
  Relative segment, address: 6EA6 - 6EAB (0x6 bytes), align: 1
  Segment part 16.            Intra module refs:   Segment part 15
                                                   writeItem
    -------------------------------------------------------------------------
CODE
  Relative segment, address: 6EAC - 6EE5 (0x3a bytes), align: 1
  Segment part 17.            Intra module refs:   initPage
           LOCAL                   ADDRESS         
           =====                   =======         
           findItem                6EAC 
               calls direct
               CSTACK = 00000000 ( 0000000C )
    -------------------------------------------------------------------------
CODE
  Relative segment, address: 6EE6 - 6EFD (0x18 bytes), align: 1
  Segment part 18.            Intra module refs:   ?Subroutine9
           LOCAL                   ADDRESS         
           =====                   =======         
           hotItem                 6EE6 
               CSTACK = 00000000 ( 00000004 )
    -------------------------------------------------------------------------
CODE
  Relative segment, address: 6EFE - 6F05 (0x8 bytes), align: 1
  Segment part 23.            Intra module refs:   initPage
    -------------------------------------------------------------------------
CODE
  Relative segment, address: 6F06 - 6F11 (0xc bytes), align: 1
  Segment part 27.            Intra module refs:   xferBuf
    -------------------------------------------------------------------------
CODE
  Relative segment, address: 6F12 - 6F1B (0xa bytes), align: 1
  Segment part 28.            Intra module refs:   hotItemUpdate
           LOCAL                   ADDRESS         
           =====                   =======         
           ?Subroutine9            6F12 
    -------------------------------------------------------------------------
CODE
  Relative segment, address: 6F1C - 6F41 (0x26 bytes), align: 1
  Segment part 30.            Intra module refs:   ?Subroutine11
                                                   initNV
           LOCAL                   ADDRESS         
           =====                   =======         
           setPageUse              6F1C 
               calls direct
               CSTACK = 00000000 ( 0000000C )
    -------------------------------------------------------------------------
CODE
  Relative segment, address: 6F42 - 6F6D (0x2c bytes), align: 1
  Segment part 31.            Intra module refs:   ?Subroutine11
                                                   compactPage
                                                   initNV
           LOCAL                   ADDRESS         
           =====                   =======         
           erasePage               6F42 
               calls direct
               CSTACK = 00000000 ( 00000008 )
    -------------------------------------------------------------------------
CODE
  Relative segment, address: 6F6E - 6F89 (0x1c bytes), align: 1
  Segment part 32.            Intra module refs:   compactPage
                                                   writeItem
           LOCAL                   ADDRESS         
           =====                   =======         
           hotItemUpdate           6F6E 
               calls direct
               CSTACK = 00000000 ( 00000006 )
    -------------------------------------------------------------------------
CODE
  Relative segment, address: 6F8A - 6FAB (0x22 bytes), align: 1
  Segment part 33.            Intra module refs:   compactPage
           LOCAL                   ADDRESS         
           =====                   =======         
           xferBuf                 6F8A 
               calls direct
               CSTACK = 00000000 ( 00000008 )
    -------------------------------------------------------------------------
CODE
  Relative segment, address: 6FAC - 70B3 (0x108 bytes), align: 1
  Segment part 34.            Intra module refs:   compactPage
           LOCAL                   ADDRESS         
           =====                   =======         
           writeItem               6FAC 
               calls direct
               CSTACK = 00000000 ( 00000022 )
    -------------------------------------------------------------------------
CODE
  Relative segment, address: 70B4 - 71AD (0xfa bytes), align: 1
  Segment part 35.            Intra module refs:   initNV
           LOCAL                   ADDRESS         
           =====                   =======         
           compactPage             70B4 
               calls direct
               CSTACK = 00000000 ( 00000020 )
    -------------------------------------------------------------------------
CODE
  Relative segment, address: 71AE - 71BD (0x10 bytes), align: 1
  Segment part 36.            Intra module refs:   compactPage
                                                   initPage
           LOCAL                   ADDRESS         
           =====                   =======         
           ?Subroutine7            71AE 
    -------------------------------------------------------------------------
CODE
  Relative segment, address: 71BE - 71CB (0xe bytes), align: 1
  Segment part 37.            Intra module refs:   compactPage
                                                   initPage
           LOCAL                   ADDRESS         
           =====                   =======         
           ?Subroutine5            71BE 
    -------------------------------------------------------------------------
CODE
  Relative segment, address: 71CC - 71CD (0x2 bytes), align: 1
  Segment part 38.            Intra module refs:   readHdr
                                                   setPageUse
           LOCAL                   ADDRESS         
           =====                   =======         
           ?Subroutine2            71CC 
    -------------------------------------------------------------------------
CODE
  Relative segment, address: 71CE - 71CF (0x2 bytes), align: 1
  Segment part 39.            Intra module refs:   ?Subroutine2
                                                   compactPage
                                                   xferBuf
    -------------------------------------------------------------------------
CODE
  Relative segment, address: 71D0 - 71D9 (0xa bytes), align: 1
  Segment part 40.            Intra module refs:   Segment part 39
                                                   setItem
    -------------------------------------------------------------------------
CODE
  Relative segment, address: 71DA - 71E9 (0x10 bytes), align: 1
  Segment part 42.            Intra module refs:   compactPage
           LOCAL                   ADDRESS         
           =====                   =======         
           ?Subroutine11           71DA 
    -------------------------------------------------------------------------
CODE
  Relative segment, address: 71EA - 72CD (0xe4 bytes), align: 1
  Segment part 45.            Intra module refs:   osal_nv_init
           LOCAL                   ADDRESS         
           =====                   =======         
           initNV                  71EA 
               calls direct
               CSTACK = 00000000 ( 00000014 )
    -------------------------------------------------------------------------
CODE
  Relative segment, address: 72CE - 72E1 (0x14 bytes), align: 1
  Segment part 9.             Intra module refs:   Segment part 16
                                                   compactPage
                                                   initNV
                                                   setItem
           LOCAL                   ADDRESS         
           =====                   =======         
           readHdr                 72CE 
               CSTACK = 00000000 ( 00000004 )
    -------------------------------------------------------------------------
CODE
  Relative segment, address: 72E2 - 72E5 (0x4 bytes), align: 1
  Segment part 46.
           ENTRY                   ADDRESS         REF BY
           =====                   =======         ======
           osal_nv_init            72E2            main (hal_main)
               calls direct
               CSTACK = 00000000 ( 00000004 )

    *************************************************************************

  FILE NAME : C:\Users\student\Documents\GitHub\MHMS\ZAP-MSP430-2.5.1\Projects\zstack\ZAP\TVSA\EXP5438\ZAP Router\Obj\OSAL_PwrMgr.r43
  PROGRAM MODULE, NAME : OSAL_PwrMgr

  SEGMENTS IN THE MODULE
  ======================
DATA16_Z
  Relative segment, address: 1CC0 - 1CC7 (0x8 bytes), align: 1
  Segment part 2.             Intra module refs:   osal_pwrmgr_init
           ENTRY                   ADDRESS         REF BY
           =====                   =======         ======
           pwrmgr_attribute        1CC0 
    -------------------------------------------------------------------------
CODE
  Relative segment, address: 72E6 - 72EF (0xa bytes), align: 1
  Segment part 5.
           ENTRY                   ADDRESS         REF BY
           =====                   =======         ======
           osal_pwrmgr_init        72E6            osal_init_system (OSAL)
               CSTACK = 00000000 ( 00000004 )

    *************************************************************************

  FILE NAME : C:\Users\student\Documents\GitHub\MHMS\ZAP-MSP430-2.5.1\Projects\zstack\ZAP\TVSA\EXP5438\ZAP Router\Obj\OSAL_TVSA.r43
  PROGRAM MODULE, NAME : OSAL_TVSA

  SEGMENTS IN THE MODULE
  ======================
DATA16_C
  Relative segment, address: 5D0C - 5D17 (0xc bytes), align: 1
  Segment part 2.
           ENTRY                   ADDRESS         REF BY
           =====                   =======         ======
           tasksArr                5D0C            osal_run_system (OSAL)
    -------------------------------------------------------------------------
DATA16_C
  Relative segment, address: 65C6 - 65C6 (0x1 bytes), align: 0
  Segment part 3.
           ENTRY                   ADDRESS         REF BY
           =====                   =======         ======
           tasksCnt                65C6            osal_clear_event (OSAL)
                                                   osal_msg_send (OSAL)
                                                   osal_run_system (OSAL)
                                                   osal_set_event (OSAL)
    -------------------------------------------------------------------------
DATA16_Z
  Relative segment, address: 1CC8 - 1CC9 (0x2 bytes), align: 1
  Segment part 4.             Intra module refs:   osalInitTasks
           ENTRY                   ADDRESS         REF BY
           =====                   =======         ======
           tasksEvents             1CC8            osal_clear_event (OSAL)
                                                   osal_run_system (OSAL)
                                                   osal_set_event (OSAL)
    -------------------------------------------------------------------------
CODE
  Relative segment, address: 72F0 - 7317 (0x28 bytes), align: 1
  Segment part 5.
           ENTRY                   ADDRESS         REF BY
           =====                   =======         ======
           osalInitTasks           72F0            osal_init_system (OSAL)
               calls direct
               CSTACK = 00000000 ( 00000004 )

    *************************************************************************

  FILE NAME : C:\Users\student\Documents\GitHub\MHMS\ZAP-MSP430-2.5.1\Projects\zstack\ZAP\TVSA\EXP5438\ZAP Router\Obj\OSAL_Timers.r43
  PROGRAM MODULE, NAME : OSAL_Timers

  SEGMENTS IN THE MODULE
  ======================
DATA16_Z
  Relative segment, address: 1CCA - 1CCB (0x2 bytes), align: 1
  Segment part 2.             Intra module refs:   osalAddTimer
                                                   osalFindTimer
                                                   osalTimerUpdate
           ENTRY                   ADDRESS         REF BY
           =====                   =======         ======
           timerHead               1CCA 
    -------------------------------------------------------------------------
DATA16_Z
  Relative segment, address: 1CCC - 1CCF (0x4 bytes), align: 1
  Segment part 3.             Intra module refs:   osalTimerInit
                                                   osalTimerUpdate
                                                   osal_GetSystemClock
           LOCAL                   ADDRESS         
           =====                   =======         
           osal_systemClock        1CCC 
    -------------------------------------------------------------------------
CODE
  Relative segment, address: 7318 - 7321 (0xa bytes), align: 1
  Segment part 14.
           ENTRY                   ADDRESS         REF BY
           =====                   =======         ======
           osalTimerInit           7318            osal_init_system (OSAL)
               CSTACK = 00000000 ( 00000004 )
    -------------------------------------------------------------------------
CODE
  Relative segment, address: 7322 - 7379 (0x58 bytes), align: 1
  Segment part 11.            Intra module refs:   osal_start_timerEx
           ENTRY                   ADDRESS         REF BY
           =====                   =======         ======
           osalAddTimer            7322 
               calls direct
               CSTACK = 00000000 ( 0000000C )
    -------------------------------------------------------------------------
CODE
  Relative segment, address: 737A - 7395 (0x1c bytes), align: 1
  Segment part 7.             Intra module refs:   osalAddTimer
                                                   osal_stop_timerEx
           ENTRY                   ADDRESS         REF BY
           =====                   =======         ======
           osalFindTimer           737A 
               CSTACK = 00000000 ( 00000004 )
    -------------------------------------------------------------------------
CODE
  Relative segment, address: 7396 - 739F (0xa bytes), align: 1
  Segment part 9.             Intra module refs:   osal_stop_timerEx
           ENTRY                   ADDRESS         REF BY
           =====                   =======         ======
           osalDeleteTimer         7396 
               CSTACK = 00000000 ( 00000004 )
    -------------------------------------------------------------------------
CODE
  Relative segment, address: 73A0 - 73BB (0x1c bytes), align: 1
  Segment part 13.
           ENTRY                   ADDRESS         REF BY
           =====                   =======         ======
           osal_start_timerEx      73A0            ?Subroutine1 (tvsa)
                                                   ?Subroutine1 (zap_app)
                                                   ?Subroutine13 (zap_zdo)
                                                   HalLedUpdate (hal_led)
                                                   Hal_ProcessEvent (hal_drivers)
                                                   halBoardPort1Isr (hal_key)
                                                   zapAfSync (zap_af)
                                                   zapGotSync (zap_app)
               calls direct
               CSTACK = 00000000 ( 00000006 )
    -------------------------------------------------------------------------
CODE
  Relative segment, address: 73BC - 73DF (0x24 bytes), align: 1
  Segment part 10.
           ENTRY                   ADDRESS         REF BY
           =====                   =======         ======
           osal_stop_timerEx       73BC            HalKeyConfig (hal_key)
                                                   HalLedBlink (hal_led)
                                                   tvsaZdoStateChange (tvsa)
               calls direct
               CSTACK = 00000000 ( 00000004 )
    -------------------------------------------------------------------------
CODE
  Relative segment, address: 73E0 - 7485 (0xa6 bytes), align: 1
  Segment part 5.
           ENTRY                   ADDRESS         REF BY
           =====                   =======         ======
           osalTimerUpdate         73E0            osalTimeUpdate (hal_board)
               calls direct
               CSTACK = 00000000 ( 00000010 )
    -------------------------------------------------------------------------
CODE
  Relative segment, address: 7486 - 748F (0xa bytes), align: 1
  Segment part 4.
           ENTRY                   ADDRESS         REF BY
           =====                   =======         ======
           osal_GetSystemClock     7486            HalLedBlink (hal_led)
                                                   HalLedUpdate (hal_led)
                                                   HalUARTPoll (hal_uart)
                                                   Hal_UART_RxProcessEvent (hal_uart)
               CSTACK = 00000000 ( 00000004 )

    *************************************************************************

  FILE NAME : C:\Users\student\Documents\GitHub\MHMS\ZAP-MSP430-2.5.1\Projects\zstack\ZAP\TVSA\EXP5438\ZAP Router\Obj\hal_adc.r43
  PROGRAM MODULE, NAME : hal_adc

  SEGMENTS IN THE MODULE
  ======================
DATA16_AN
  Relative segment, address: 0700 - 0701 (0x2 bytes), align: 0
  Segment part 1. ROOT.
           ENTRY                   ADDRESS         REF BY
           =====                   =======         ======
           _A_ADC12CTL0_L          0700 
           LOCAL                   ADDRESS         
           =====                   =======         
           ADC12CTL0               0700 
           ADC12CTL0_H             0701 
           ADC12CTL0_L             0700 
    -------------------------------------------------------------------------
DATA16_AN
  Relative segment, address: 0702 - 0703 (0x2 bytes), align: 0
  Segment part 2. ROOT.
           ENTRY                   ADDRESS         REF BY
           =====                   =======         ======
           _A_ADC12CTL1_L          0702 
           LOCAL                   ADDRESS         
           =====                   =======         
           ADC12CTL1               0702 
           ADC12CTL1_H             0703 
           ADC12CTL1_L             0702 
    -------------------------------------------------------------------------
DATA16_AN
  Relative segment, address: 0704 - 0705 (0x2 bytes), align: 0
  Segment part 3. ROOT.
           ENTRY                   ADDRESS         REF BY
           =====                   =======         ======
           _A_ADC12CTL2_L          0704 
           LOCAL                   ADDRESS         
           =====                   =======         
           ADC12CTL2               0704 
           ADC12CTL2_H             0705 
           ADC12CTL2_L             0704 
    -------------------------------------------------------------------------
DATA16_AN
  Relative segment, address: 070A - 070B (0x2 bytes), align: 0
  Segment part 4. ROOT.
           ENTRY                   ADDRESS         REF BY
           =====                   =======         ======
           _A_ADC12IFG_L           070A 
           LOCAL                   ADDRESS         
           =====                   =======         
           ADC12IFG                070A 
           ADC12IFG_H              070B 
           ADC12IFG_L              070A 
    -------------------------------------------------------------------------
DATA16_AN
  Relative segment, address: 0720 - 0721 (0x2 bytes), align: 0
  Segment part 5. ROOT.
           ENTRY                   ADDRESS         REF BY
           =====                   =======         ======
           _A_ADC12MEM0_L          0720 
           LOCAL                   ADDRESS         
           =====                   =======         
           ADC12MEM0               0720 
           ADC12MEM0_H             0721 
           ADC12MEM0_L             0720 
    -------------------------------------------------------------------------
DATA16_AN
  Relative segment, address: 0710 - 0710 (0x1 bytes), align: 0
  Segment part 6. ROOT.
           ENTRY                   ADDRESS         REF BY
           =====                   =======         ======
           ADC12MCTL0              0710 
    -------------------------------------------------------------------------
CODE
  Relative segment, address: 7490 - 7491 (0x2 bytes), align: 1
  Segment part 11.
           ENTRY                   ADDRESS         REF BY
           =====                   =======         ======
           HalAdcInit              7490            HalDriverInit (hal_drivers)
               CSTACK = 00000000 ( 00000004 )

    *************************************************************************

  FILE NAME : C:\Users\student\Documents\GitHub\MHMS\ZAP-MSP430-2.5.1\Projects\zstack\ZAP\TVSA\EXP5438\ZAP Router\Obj\hal_assert.r43
  PROGRAM MODULE, NAME : hal_assert

  SEGMENTS IN THE MODULE
  ======================
DATA16_AN
  Relative segment, address: 0200 - 0201 (0x2 bytes), align: 0
  Segment part 1. ROOT.       Intra module refs:   HalKeyPoll (hal_key)
                                                   getSRDY1 (zap_phy)
                                                   getSRDY2 (zap_phy)
                                                   halAssertHazardLights
                                                   zapPhySpiPoll (zap_phy)
                                                   zapPhySpiRun (zap_phy)
           ENTRY                   ADDRESS         REF BY
           =====                   =======         ======
           _A_PAIN_L               0200 
           LOCAL                   ADDRESS         
           =====                   =======         
           PAIN                    0200 
           PAIN_H                  0201 
           PAIN_L                  0200 
    -------------------------------------------------------------------------
DATA16_AN
  Relative segment, address: 0202 - 0203 (0x2 bytes), align: 0
  Segment part 2. ROOT.       Intra module refs:   HalKeyConfig (hal_key)
                                                   HalLedOnOff (hal_led)
                                                   getSRDY1 (zap_phy)
                                                   halAssertHazardLights
                                                   main (hal_main)
                                                   quickReset (zap_app)
                                                   spiSREQ (zap_phy)
                                                   zapPhyInit (zap_phy)
                                                   zapPhyReset (zap_phy)
                                                   zapPhySpiInit (zap_phy)
                                                   zapPhySpiPoll (zap_phy)
                                                   zapPhySpiRun (zap_phy)
                                                   zapPhySpiSend (zap_phy)
           ENTRY                   ADDRESS         REF BY
           =====                   =======         ======
           _A_PAOUT_L              0202 
           LOCAL                   ADDRESS         
           =====                   =======         
           PAOUT                   0202 
           PAOUT_H                 0203 
           PAOUT_L                 0202 
    -------------------------------------------------------------------------
DATA16_AN
  Relative segment, address: 0204 - 0205 (0x2 bytes), align: 0
  Segment part 3. ROOT.       Intra module refs:   HalKeyConfig (hal_key)
                                                   halAssertHazardLights
                                                   main (hal_main)
                                                   zapPhyInit (zap_phy)
                                                   zapPhySpiInit (zap_phy)
           ENTRY                   ADDRESS         REF BY
           =====                   =======         ======
           _A_PADIR_L              0204 
           LOCAL                   ADDRESS         
           =====                   =======         
           PADIR                   0204 
           PADIR_H                 0205 
           PADIR_L                 0204 
    -------------------------------------------------------------------------
DATA16_AN
  Relative segment, address: 0262 - 0263 (0x2 bytes), align: 0
  Segment part 4. ROOT.       Intra module refs:   HalLcd_HW_Init (hal_lcd)
                                                   HalLcd_HW_SendCmd (hal_lcd)
                                                   halAssertHazardLights
                                                   main (hal_main)
                                                   zapPhyInit (zap_phy)
           ENTRY                   ADDRESS         REF BY
           =====                   =======         ======
           _A_PDOUT_L              0262 
           LOCAL                   ADDRESS         
           =====                   =======         
           PDOUT                   0262 
           PDOUT_H                 0263 
           PDOUT_L                 0262 
    -------------------------------------------------------------------------
DATA16_AN
  Relative segment, address: 0264 - 0265 (0x2 bytes), align: 0
  Segment part 5. ROOT.       Intra module refs:   HalLcd_HW_Init (hal_lcd)
                                                   halAssertHazardLights
                                                   main (hal_main)
                                                   zapPhyInit (zap_phy)
           ENTRY                   ADDRESS         REF BY
           =====                   =======         ======
           _A_PDDIR_L              0264 
           LOCAL                   ADDRESS         
           =====                   =======         
           PDDIR                   0264 
           PDDIR_H                 0265 
           PDDIR_L                 0264 
    -------------------------------------------------------------------------
DATA16_AN
  Relative segment, address: 0266 - 0267 (0x2 bytes), align: 0
  Segment part 6. ROOT.       Intra module refs:   halAssertHazardLights
                                                   main (hal_main)
                                                   zapPhyInit (zap_phy)
           ENTRY                   ADDRESS         REF BY
           =====                   =======         ======
           _A_PDREN_L              0266 
           LOCAL                   ADDRESS         
           =====                   =======         
           PDREN                   0266 
           PDREN_H                 0267 
           PDREN_L                 0266 
    -------------------------------------------------------------------------
CODE
  Relative segment, address: 7492 - 7495 (0x4 bytes), align: 1
  Segment part 12.
           ENTRY                   ADDRESS         REF BY
           =====                   =======         ======
           halAssertHandler        7492            osal_mem_alloc (OSAL_Memory)
                                                   osal_mem_free (OSAL_Memory)
                                                   osal_mem_kick (OSAL_Memory)
                                                   zap_msg_deallocate (zap_app)
               calls direct
               CSTACK = 00000000 ( 00000004 )
    -------------------------------------------------------------------------
CODE
  Relative segment, address: 7496 - 75C1 (0x12c bytes), align: 1
  Segment part 10.            Intra module refs:   halAssertHandler
           ENTRY                   ADDRESS         REF BY
           =====                   =======         ======
           halAssertHazardLights   7496 
               calls direct
               CSTACK = 00000000 ( 0000000E )
    -------------------------------------------------------------------------
CODE
  Relative segment, address: 75C2 - 75D3 (0x12 bytes), align: 1
  Segment part 11.            Intra module refs:   halAssertHazardLights
           LOCAL                   ADDRESS         
           =====                   =======         
           ?Subroutine0            75C2 
    -------------------------------------------------------------------------
DATA16_Z
  Relative segment, address: 2C16 - 2C16 (0x1 bytes), align: 0
  Segment part 9.             Intra module refs:   halAssertHazardLights
           LOCAL                   ADDRESS         
           =====                   =======         
           halAssertHazardLights{18}{19}{25}::escape
                                   2C16 

    *************************************************************************

  FILE NAME : C:\Users\student\Documents\GitHub\MHMS\ZAP-MSP430-2.5.1\Projects\zstack\ZAP\TVSA\EXP5438\ZAP Router\Obj\hal_board.r43
  PROGRAM MODULE, NAME : hal_board

  SEGMENTS IN THE MODULE
  ======================
DATA16_AN
  Relative segment, address: 021C - 021D (0x2 bytes), align: 0
  Segment part 1. ROOT.       Intra module refs:   HalBoardPort1Isr
                                                   HalKeyConfig (hal_key)
                                                   halBoardPort1Isr (hal_key)
           ENTRY                   ADDRESS         REF BY
           =====                   =======         ======
           _A_PAIFG_L              021C 
           LOCAL                   ADDRESS         
           =====                   =======         
           PAIFG                   021C 
           PAIFG_H                 021D 
           PAIFG_L                 021C 
    -------------------------------------------------------------------------
DATA16_AN
  Relative segment, address: 0340 - 0341 (0x2 bytes), align: 0
  Segment part 2. ROOT.       Intra module refs:   InitClock
           ENTRY                   ADDRESS         REF BY
           =====                   =======         ======
           TA0CTL                  0340 
    -------------------------------------------------------------------------
DATA16_AN
  Relative segment, address: 0342 - 0343 (0x2 bytes), align: 0
  Segment part 3. ROOT.       Intra module refs:   InitClock
           ENTRY                   ADDRESS         REF BY
           =====                   =======         ======
           TA0CCTL0                0342 
    -------------------------------------------------------------------------
DATA16_AN
  Relative segment, address: 0352 - 0353 (0x2 bytes), align: 0
  Segment part 4. ROOT.       Intra module refs:   InitClock
           ENTRY                   ADDRESS         REF BY
           =====                   =======         ======
           TA0CCR0                 0352 
    -------------------------------------------------------------------------
DATA16_Z
  Relative segment, address: 2C17 - 2C17 (0x1 bytes), align: 0
  Segment part 8.             Intra module refs:   InitBoard
           ENTRY                   ADDRESS         REF BY
           =====                   =======         ======
           OnboardKeyIntEnable     2C17 
    -------------------------------------------------------------------------
DATA16_I
  Relative segment, address: 1C0B - 1C0B (0x1 bytes), align: 0
  Segment part 9.             Intra module refs:   OnBoard_SendKeys
                                                   RegisterForKeys
           LOCAL                   ADDRESS         
           =====                   =======         
           registeredKeysTaskID    1C0B 
    -------------------------------------------------------------------------
DATA16_Z
  Relative segment, address: 1CD0 - 1CD1 (0x2 bytes), align: 1
  Segment part 11.            Intra module refs:   HalBoardDelay
                                                   HalBoardTimerRolloverIsr
                                                   osalTimeUpdate
           LOCAL                   ADDRESS         
           =====                   =======         
           halBrdTmrTick           1CD0 
    -------------------------------------------------------------------------
DATA16_Z
  Relative segment, address: 2C18 - 2C18 (0x1 bytes), align: 0
  Segment part 12.            Intra module refs:   HalBoardDelay
                                                   HalBoardDelayed
                                                   HalBoardTimerRolloverIsr
           LOCAL                   ADDRESS         
           =====                   =======         
           halBrdTmrDlyF           2C18 
[...]
                                                   Hal_KeyIntEnable (hal_key)
                                                   Hal_TaskID (hal_drivers)
                                                   LCD_MEM (hal_lcd)
                                                   LcdAddress (hal_lcd)
                                                   LcdTableAddress (hal_lcd)
                                                   Lcd_Line1 (hal_lcd)
                                                   OSAL_timeSeconds (hal_board)
                                                   OnboardKeyIntEnable (hal_board)
                                                   assocDevT (zap_util)
                                                   devState (zap_app)
                                                   epList (zap_af)
                                                   fuIntState (MSP430FlashUtil)
                                                   halAssertHazardLights{18}{19}{25}::escape (hal_assert)
                                                   halBrdDlySleep (hal_board)
                                                   halBrdTmrDly (hal_board)
                                                   halBrdTmrDlyF (hal_board)
                                                   halBrdTmrTick (hal_board)
                                                   halBrdTmrTickShdw (hal_board)
                                                   halIntKeys (hal_key)
                                                   halSavedKeys (hal_key)
                                                   hotOff (OSAL_Nv)
                                                   hotPg (OSAL_Nv)
                                                   ledState (hal_led)
                                                   osalMemStat (OSAL_Memory)
                                                   osal_qHead (OSAL)
                                                   osal_systemClock (OSAL_Timers)
                                                   pHal_KeyProcessFunction (hal_key)
                                                   pgLost (OSAL_Nv)
                                                   pgOff (OSAL_Nv)
                                                   pgRes (OSAL_Nv)
                                                   preBlinkState (hal_led)
                                                   pulseAddr (tvsa)
                                                   pulseBuf (tvsa)
                                                   pulseTaskId (tvsa)
                                                   pwrmgr_attribute (OSAL_PwrMgr)
                                                   s_savWDT (MSP430FlashUtil)
                                                   tasksEvents (OSAL_TVSA)
                                                   timeMSec (hal_board)
                                                   timerHead (OSAL_Timers)
                                                   tvsaAddr (tvsa)
                                                   tvsaCnfErrCnt (tvsa)
                                                   tvsaCnt (tvsa)
                                                   tvsaTSN (tvsa)
                                                   tvsaTaskId (tvsa)
                                                   uartRecord (hal_uart)
                                                   zapAppPort (zap_app)
                                                   zapDisAddr (zap_app)
                                                   zapDisIEEE (zap_app)
                                                   zapDisPanId (zap_app)
                                                   zapDisState (zap_app)
                                                   zapMonInfo::getInfoIdx (zap_app)
                                                   zapPhySpiDly (zap_phy)
                                                   zapTaskId (zap_app)
                                                   zdoCBFunc (zap_zdo)
                                                   zdoMsgCBs (zap_zdo)
                                                   znpAddr (zap_app)
                                                   znpIEEE (zap_app)
                                                   znpPanId (zap_app)
                                                   znpParent (zap_app)
    -------------------------------------------------------------------------
CSTART
  Relative segment, address: 5C18 - 5C27 (0x10 bytes), align: 1
  Segment part 16.
           ENTRY                   ADDRESS         REF BY
           =====                   =======         ======
           ?cstart_init_copy       5C18            Draw_Block_Address_Macro (hal_lcd)
                                                   Draw_Block_Value_Macro (hal_lcd)
                                                   LcdInitMacro (hal_lcd)
                                                   UBRRTable (hal_uart)
                                                   activeTaskID (OSAL)
                                                   registeredKeysTaskID (hal_board)
                                                   zLogicalType (zap_app)
    -------------------------------------------------------------------------
CSTART
  Relative segment, address: 5C28 - 5C2F (0x8 bytes), align: 1
  Segment part 22.            Intra module refs:   ?cstart_call_low_level_init
                                                   Segment part 12
           ENTRY                   ADDRESS         REF BY
           =====                   =======         ======
           ?cstart_call_main       5C28 
           ?cstart_end             5C30 

    -------------------------------------------------------------------------
  LIBRARY MODULE, NAME : ?reset_vector

  SEGMENTS IN THE MODULE
  ======================
RESET
  Relative segment, address: FFFE - FFFF (0x2 bytes), align: 1
  Segment part 0.
           ENTRY                   ADDRESS         REF BY
           =====                   =======         ======
           ?reset_vector           FFFE            Segment part 12 (?cstart)

    -------------------------------------------------------------------------
  LIBRARY MODULE, NAME : ?DivMod816u

  SEGMENTS IN THE MODULE
  ======================
CODE
  Relative segment, address: 9B64 - 9B7F (0x1c bytes), align: 1
  Segment part 0.
           ENTRY                   ADDRESS         REF BY
           =====                   =======         ======
           ?DivMod8u               9B64 
           ?DivMod16u              9B68            ?Subroutine0 (hal_board)
                                                   ?Subroutine2 (tvsa)
                                                   _itoa (hal_board)
                                                   tvsaDataRx (tvsa)

    -------------------------------------------------------------------------
  LIBRARY MODULE, NAME : ?DivMod32u

  SEGMENTS IN THE MODULE
  ======================
CODE
  Relative segment, address: 9B80 - 9BB7 (0x38 bytes), align: 1
  Segment part 0.
           ENTRY                   ADDRESS         REF BY
           =====                   =======         ======
           ?DivMod32u              9B80            ?Subroutine6 (OSAL)
                                                   HalLedUpdate (hal_led)
                                                   _ltoa (OSAL)

    -------------------------------------------------------------------------
  LIBRARY MODULE, NAME : ?ShiftLeft32_8n

  SEGMENTS IN THE MODULE
  ======================
CODE
  Relative segment, address: 9BB8 - 9BC3 (0xc bytes), align: 1
  Segment part 6.
           ENTRY                   ADDRESS         REF BY
           =====                   =======         ======
           ?ShiftLeft32_8          9BB8            afIncMsgPktParse (zap_af)

    -------------------------------------------------------------------------
  LIBRARY MODULE, NAME : ?memcpy

  SEGMENTS IN THE MODULE
  ======================
CODE
  Relative segment, address: 9BC4 - 9BDD (0x1a bytes), align: 1
  Segment part 2.
           ENTRY                   ADDRESS         REF BY
           =====                   =======         ======
           memcpy                  9BC4            __data16_memcpy (?memzero)
               CSTACK = 00000000 ( 00000006 )

    -------------------------------------------------------------------------
  LIBRARY MODULE, NAME : ?CopyMemoryBytes

  SEGMENTS IN THE MODULE
  ======================
CODE
  Relative segment, address: 9BDE - 9BED (0x10 bytes), align: 1
  Segment part 0.
           ENTRY                   ADDRESS         REF BY
           =====                   =======         ======
           ?CopyMemoryBytes        9BDE            tvsaDataRx (tvsa)

    -------------------------------------------------------------------------
  LIBRARY MODULE, NAME : ?ClearMemoryBytes

  SEGMENTS IN THE MODULE
  ======================
CODE
  Relative segment, address: 9BEE - 9BFD (0x10 bytes), align: 1
  Segment part 0.
           ENTRY                   ADDRESS         REF BY
           =====                   =======         ======
           ?ClearMemoryBytes       9BEE            ?Subroutine7 (OSAL)

    -------------------------------------------------------------------------
  LIBRARY MODULE, NAME : ?memset

  SEGMENTS IN THE MODULE
  ======================
CODE
  Relative segment, address: 9BFE - 9C15 (0x18 bytes), align: 1
  Segment part 2.
           ENTRY                   ADDRESS         REF BY
           =====                   =======         ======
           memset                  9BFE            osal_memset (OSAL)
               CSTACK = 00000000 ( 00000006 )

    -------------------------------------------------------------------------
  LIBRARY MODULE, NAME : ?memzero

  SEGMENTS IN THE MODULE
  ======================
CODE
  Relative segment, address: 9C16 - 9C27 (0x12 bytes), align: 1
  Segment part 4.
           ENTRY                   ADDRESS         REF BY
           =====                   =======         ======
           __data16_memzero        9C16            ?cstart_init_zero (?cstart)
               CSTACK = 00000000 ( 00000004 )
    -------------------------------------------------------------------------
CODE
  Relative segment, address: 9C28 - 9C2B (0x4 bytes), align: 1
  Segment part 3.
           ENTRY                   ADDRESS         REF BY
           =====                   =======         ======
           __data16_memcpy         9C28            ?cstart_init_copy (?cstart)
               calls direct
               CSTACK = 00000000 ( 00000004 )

    -------------------------------------------------------------------------
  LIBRARY MODULE, NAME : ?IndCallR15

  SEGMENTS IN THE MODULE
  ======================
CODE
  Relative segment, address: 9C2C - 9C2F (0x4 bytes), align: 1
  Segment part 0.
           ENTRY                   ADDRESS         REF BY
           =====                   =======         ======
           ?IndCallR15             9C2C            osal_run_system (OSAL)
                                                   zapProcessIncoming (zap_app)

    -------------------------------------------------------------------------
  LIBRARY MODULE, NAME : ?strcat

  SEGMENTS IN THE MODULE
  ======================
CODE
  Relative segment, address: 9C30 - 9C4B (0x1c bytes), align: 1
  Segment part 2.
           ENTRY                   ADDRESS         REF BY
           =====                   =======         ======
           strcat                  9C30            ?Subroutine8 (OSAL)
                                                   Segment part 40 (OSAL)
               CSTACK = 00000000 ( 00000004 )

    -------------------------------------------------------------------------
  LIBRARY MODULE, NAME : ?strcpy

  SEGMENTS IN THE MODULE
  ======================
CODE
  Relative segment, address: 9C4C - 9C5D (0x12 bytes), align: 1
  Segment part 2.
           ENTRY                   ADDRESS         REF BY
           =====                   =======         ======
           strcpy                  9C4C            _ltoa (OSAL)
               CSTACK = 00000000 ( 00000004 )

    -------------------------------------------------------------------------
  LIBRARY MODULE, NAME : ?strlen

  SEGMENTS IN THE MODULE
  ======================
CODE
  Relative segment, address: 9C5E - 9C6F (0x12 bytes), align: 1
  Segment part 2.
           ENTRY                   ADDRESS         REF BY
           =====                   =======         ======
           strlen                  9C5E            _ltoa (OSAL)
                                                   osal_strlen (OSAL)
               CSTACK = 00000000 ( 00000004 )




                ****************************************
                *                                      *
                *            MODULE SUMMARY            *
                *                                      *
                ****************************************

Module                CODE      DATA      CONST
------                ----      ----      -----
                     (Rel)  (Rel)  (Abs)  (Rel)
?ClearMemoryBytes       16
?CopyMemoryBytes        16
?DivMod32u              56
?DivMod816u             28
?IndCallR15              4
?Mul8HwLoc2             30
?ShiftLeft32_8n         12
?__exit                  4
?_exit                   4
?clibexit                4
?cstart                 48
?memcpy                 26
?memset                 24
?memzero                22
?reset_vector            2
?strcat                 28
?strcpy                 18
?strlen                 18
MSP430FlashUtil        148      3      4
  + shared                             2
OSAL                 1 054      3             3
OSAL_Memory            328  4 099
OSAL_Nv             13 698     58             6
OSAL_PwrMgr             10      8
OSAL_TVSA               40      2            13
OSAL_Timers            376      6
hal_adc                  2            11
hal_assert             322      1
  + shared                            12
hal_board              426     16      6      1
  + shared             110             2
  + common
hal_dco                424            14
  + shared                             2
hal_drivers            122      1
hal_key                382      7      2
  + shared              86             6
  + common
hal_lcd                888  3 866     20  2 424
  + shared                             2
hal_led                606     42
hal_main               110
hal_spi                122            14
hal_startup             10
hal_uart               820     44     10     10
  + shared              94             2
  + common
tvsa                   898     36      4     55
zap_af               1 014      2
zap_app              1 288     32           147
zap_phy                690      2
zap_sapi               244
zap_sys                406
zap_util               278     18
zap_zdo                594     30
zap_znp                466
N/A (command line)            512
N/A (alignment)
----------          ------  -----    ---  -----
Total:              26 126  8 788    113  2 659
  + common             110


                ****************************************
                *                                      *
                *      SEGMENTS IN ADDRESS ORDER       *
                *                                      *
                ****************************************


SEGMENT              SPACE    START ADDRESS   END ADDRESS     SIZE  TYPE  ALIGN
=======              =====    =============   ===========     ====  ====  =====
DATA16_AN                              0120 - 0121               2   rel    0
                                       0124 - 0127               4 
                                       012C - 012D               2 
                                       0140 - 0141               2 
                                       0144 - 0145               2 
                                       015C - 015D               2 
                                       0160 - 0165               6 
                                       0168 - 0169               2 
                                       01B0 - 01B1               2 
                                       0200 - 0207               8 
                                       020A - 020B               2 
                                       0218 - 021D               6 
                                       0222 - 0225               4 
                                       022A - 022B               2 
                                       0242 - 0245               4 
                                       024A - 024B               2 
                                       0260 - 0267               8 
                                       026A - 026B               2 
                                       0282 - 0285               4 
                                       028A - 028B               2 
                                       0340 - 0343               4 
                                       0348 - 0349               2 
                                       0352 - 0353               2 
                                       0358 - 0359               2 
                                       05E0 - 05E1               2 
                                       05E6 - 05E7               2 
                                       05EC - 05EC               1 
                                       05EE - 05EE               1 
                                       05FC - 05FD               2 
                                       0600 - 0601               2 
                                       0606 - 0607               2 
                                       060C - 060C               1 
                                       060E - 060E               1 
                                       061C - 061D               2 
                                       0660 - 0661               2 
                                       0666 - 0667               2 
                                       066A - 066A               1 
                                       066E - 066E               1 
                                       067C - 067D               2 
                                       0700 - 0705               6 
                                       070A - 070B               2 
                                       0710 - 0710               1 
                                       0720 - 0721               2 
DATA16_I                               1C00 - 1C84              85   rel    1
DATA16_Z                               1C86 - 2C52             FCD   rel    1
DATA16_N                               2C54 - 3C55            1002   rel    1
CSTACK                                 5A00 - 5BFF             200   rel    1
CSTART                                 5C00 - 5C2F              30   rel    1
ISR_CODE                               5C30 - 5D05              D6   rel    1
DATA16_C                               5D06 - 66E3             9DE   rel    1
DATA16_ID                              66E4 - 6768              85   rel    1
CODE                                   676A - 9C6F            3506   rel    1
ZIGNV_ADDRESS_SPACE
                                       CA00 - F9FF            3000   rel    0
INTVEC                                 FF80 - FFED              6E   com    1
RESET                                  FFFE - FFFF               2   rel    1

                ****************************************
                *                                      *
                *        END OF CROSS REFERENCE        *
                *                                      *
                ****************************************

 26 236 bytes of CODE  memory
  8 788 bytes of DATA  memory (+ 113 absolute )
  2 659 bytes of CONST memory

Errors: none
Warnings: none

