###############################################################################
#                                                                             #
# IAR C/C++ Compiler V5.51.2.50607/W32 for MSP430       04/Apr/2013  15:23:15 #
# Copyright 1996-2012 IAR Systems AB.                                         #
#                                                                             #
#    __rt_version  =  3                                                       #
#    __double_size =  32                                                      #
#    __reg_r4      =  free                                                    #
#    __reg_r5      =  free                                                    #
#    __pic         =  no                                                      #
#    __core        =  430X                                                    #
#    __data_model  =  small                                                   #
#    Source file   =  C:\Users\student\Documents\GitHub\MHMS\ZAP-MSP430-2.5.1 #
#                     \Components\osal\common\OSAL_PwrMgr.c                   #
#    Command line  =  -f C:\Users\student\Documents\GitHub\MHMS\ZAP-MSP430-2. #
#                     5.1\Projects\zstack\ZAP\TVSA\EXP5438\..\..\Source\zap.c #
#                     fg (-DZAP_PHY_SPI=1 -DZAP_PHY_UART=!ZAP_PHY_SPI         #
#                     -DZAP_PHY_RESET_ZNP=TRUE -DZAP_ZNP_MT=FALSE             #
#                     -DZAP_APP_MSG=FALSE -DZAP_SBL_PROXY=FALSE               #
#                     -DZAP_AUTO_CFG=TRUE -DZAP_AUTO_START=TRUE               #
#                     -DZAP_NV_RESTORE=FALSE -DLCD_SUPPORTED                  #
#                     -DZAP_AF_DATA_REQ_FRAG=FALSE                            #
#                     -DZAP_AF_DATA_REQ_AREQ=!ZAP_AF_DATA_REQ_FRAG            #
#                     -DZAP_ZDO_STARTUP_AREQ=TRUE -DZAP_AF_FUNC               #
#                     -DZAP_SAPI_FUNC -DZAP_SYS_FUNC -DZAP_UTIL_FUNC          #
#                     -DZAP_ZDO_FUNC -DSECURE=0 -DZG_SECURE_DYNAMIC=0         #
#                     "-DDEFAULT_CHANLIST=(uint32)0x00000800"                 #
#                     -DZDAPP_CONFIG_PAN_ID=0xFFFF -DPOLL_RATE=1000           #
#                     -DNWK_START_DELAY=100 -DMAX_BINDING_CLUSTER_IDS=4)      #
#                     C:\Users\student\Documents\GitHub\MHMS\ZAP-MSP430-2.5.1 #
#                     \Components\osal\common\OSAL_PwrMgr.c -D                #
#                     ZAP_DEVICETYPE=ZG_DEVICETYPE_COORDINATOR -D             #
#                     TVSA_DEVICE_ID=0x0016 -D TVSA_DONGLE=1 -D HAL_UART=1    #
#                     -lC "C:\Users\student\Documents\GitHub\MHMS\ZAP-MSP430- #
#                     2.5.1\Projects\zstack\ZAP\TVSA\EXP5438\ZAP              #
#                     Coordinator\List\" -lA "C:\Users\student\Documents\GitH #
#                     ub\MHMS\ZAP-MSP430-2.5.1\Projects\zstack\ZAP\TVSA\EXP54 #
#                     38\ZAP Coordinator\List\" --remarks --diag_suppress     #
#                     Pe001,Pe193,Pe236,Pe826 -o                              #
#                     "C:\Users\student\Documents\GitHub\MHMS\ZAP-MSP430-2.5. #
#                     1\Projects\zstack\ZAP\TVSA\EXP5438\ZAP                  #
#                     Coordinator\Obj\" --debug -D__MSP430F5438__ -e          #
#                     --double=32 --clib -I C:\Users\student\Documents\GitHub #
#                     \MHMS\ZAP-MSP430-2.5.1\Projects\zstack\ZAP\TVSA\EXP5438 #
#                     \ -I C:\Users\student\Documents\GitHub\MHMS\ZAP-MSP430- #
#                     2.5.1\Projects\zstack\ZAP\TVSA\EXP5438\..\Source\ -I    #
#                     C:\Users\student\Documents\GitHub\MHMS\ZAP-MSP430-2.5.1 #
#                     \Projects\zstack\ZAP\TVSA\EXP5438\..\..\Source\ -I      #
#                     C:\Users\student\Documents\GitHub\MHMS\ZAP-MSP430-2.5.1 #
#                     \Projects\zstack\ZAP\TVSA\EXP5438\..\..\..\..\..\Compon #
#                     ents\hal\target\MSP5438ZAP\ -I                          #
#                     C:\Users\student\Documents\GitHub\MHMS\ZAP-MSP430-2.5.1 #
#                     \Projects\zstack\ZAP\TVSA\EXP5438\..\..\..\..\..\Compon #
#                     ents\hal\include\ -I C:\Users\student\Documents\GitHub\ #
#                     MHMS\ZAP-MSP430-2.5.1\Projects\zstack\ZAP\TVSA\EXP5438\ #
#                     ..\..\..\..\..\Components\mac\include\ -I               #
#                     C:\Users\student\Documents\GitHub\MHMS\ZAP-MSP430-2.5.1 #
#                     \Projects\zstack\ZAP\TVSA\EXP5438\..\..\..\..\..\Compon #
#                     ents\mt\ -I C:\Users\student\Documents\GitHub\MHMS\ZAP- #
#                     MSP430-2.5.1\Projects\zstack\ZAP\TVSA\EXP5438\..\..\..\ #
#                     ..\..\Components\osal\include\ -I                       #
#                     C:\Users\student\Documents\GitHub\MHMS\ZAP-MSP430-2.5.1 #
#                     \Projects\zstack\ZAP\TVSA\EXP5438\..\..\..\..\..\Compon #
#                     ents\osal\mcu\msp430\ -I C:\Users\student\Documents\Git #
#                     Hub\MHMS\ZAP-MSP430-2.5.1\Projects\zstack\ZAP\TVSA\EXP5 #
#                     438\..\..\..\..\..\Components\services\saddr\ -I        #
#                     C:\Users\student\Documents\GitHub\MHMS\ZAP-MSP430-2.5.1 #
#                     \Projects\zstack\ZAP\TVSA\EXP5438\..\..\..\..\..\Compon #
#                     ents\services\sdata\ -I C:\Users\student\Documents\GitH #
#                     ub\MHMS\ZAP-MSP430-2.5.1\Projects\zstack\ZAP\TVSA\EXP54 #
#                     38\..\..\..\..\..\Components\stack\af\ -I               #
#                     C:\Users\student\Documents\GitHub\MHMS\ZAP-MSP430-2.5.1 #
#                     \Projects\zstack\ZAP\TVSA\EXP5438\..\..\..\..\..\Compon #
#                     ents\stack\nwk\ -I C:\Users\student\Documents\GitHub\MH #
#                     MS\ZAP-MSP430-2.5.1\Projects\zstack\ZAP\TVSA\EXP5438\.. #
#                     \..\..\..\..\Components\stack\sapi\ -I                  #
#                     C:\Users\student\Documents\GitHub\MHMS\ZAP-MSP430-2.5.1 #
#                     \Projects\zstack\ZAP\TVSA\EXP5438\..\..\..\..\..\Compon #
#                     ents\stack\sec\ -I C:\Users\student\Documents\GitHub\MH #
#                     MS\ZAP-MSP430-2.5.1\Projects\zstack\ZAP\TVSA\EXP5438\.. #
#                     \..\..\..\..\Components\stack\sys\ -I                   #
#                     C:\Users\student\Documents\GitHub\MHMS\ZAP-MSP430-2.5.1 #
#                     \Projects\zstack\ZAP\TVSA\EXP5438\..\..\..\..\..\Compon #
#                     ents\stack\zdo\ -I C:\Users\student\Documents\GitHub\MH #
#                     MS\ZAP-MSP430-2.5.1\Projects\zstack\ZAP\TVSA\EXP5438\.. #
#                     \..\..\..\..\Components\zmac\ -I                        #
#                     C:\Users\student\Documents\GitHub\MHMS\ZAP-MSP430-2.5.1 #
#                     \Projects\zstack\ZAP\TVSA\EXP5438\..\..\..\..\..\Compon #
#                     ents\zmac\f8w\ --core=430X --data_model=small -Ohz      #
#                     --multiplier=32 --multiplier_location=4C0               #
#                     --require_prototypes --hw_workaround=CPU40              #
#                     --hw_workaround=CPU42                                   #
#    List file     =  C:\Users\student\Documents\GitHub\MHMS\ZAP-MSP430-2.5.1 #
#                     \Projects\zstack\ZAP\TVSA\EXP5438\ZAP                   #
#                     Coordinator\List\OSAL_PwrMgr.lst                        #
#    Object file   =  C:\Users\student\Documents\GitHub\MHMS\ZAP-MSP430-2.5.1 #
#                     \Projects\zstack\ZAP\TVSA\EXP5438\ZAP                   #
#                     Coordinator\Obj\OSAL_PwrMgr.r43                         #
#                                                                             #
#                                                                             #
###############################################################################

C:\Users\student\Documents\GitHub\MHMS\ZAP-MSP430-2.5.1\Components\osal\common\OSAL_PwrMgr.c
      1          /**************************************************************************************************
      2            Filename:       OSAL_pwrmgr.c
      3            Revised:        $Date: 2008-10-07 14:47:15 -0700 (Tue, 07 Oct 2008) $
      4            Revision:       $Revision: 18212 $
      5          
      6            Description:    This file contains the OSAL Power Management API.
      7          
      8          
      9            Copyright 2004-2007 Texas Instruments Incorporated. All rights reserved.
     10          
     11            IMPORTANT: Your use of this Software is limited to those specific rights
     12            granted under the terms of a software license agreement between the user
     13            who downloaded the software, his/her employer (which must be your employer)
     14            and Texas Instruments Incorporated (the "License").  You may not use this
     15            Software unless you agree to abide by the terms of the License. The License
     16            limits your use, and you acknowledge, that the Software may not be modified,
     17            copied or distributed unless embedded on a Texas Instruments microcontroller
     18            or used solely and exclusively in conjunction with a Texas Instruments radio
     19            frequency transceiver, which is integrated into your product.  Other than for
     20            the foregoing purpose, you may not use, reproduce, copy, prepare derivative
     21            works of, modify, distribute, perform, display or sell this Software and/or
     22            its documentation for any purpose.
     23          
     24            YOU FURTHER ACKNOWLEDGE AND AGREE THAT THE SOFTWARE AND DOCUMENTATION ARE
     25            PROVIDED “AS IS” WITHOUT WARRANTY OF ANY KIND, EITHER EXPRESS OR IMPLIED, 
     26            INCLUDING WITHOUT LIMITATION, ANY WARRANTY OF MERCHANTABILITY, TITLE, 
     27            NON-INFRINGEMENT AND FITNESS FOR A PARTICULAR PURPOSE. IN NO EVENT SHALL
     28            TEXAS INSTRUMENTS OR ITS LICENSORS BE LIABLE OR OBLIGATED UNDER CONTRACT,
     29            NEGLIGENCE, STRICT LIABILITY, CONTRIBUTION, BREACH OF WARRANTY, OR OTHER
     30            LEGAL EQUITABLE THEORY ANY DIRECT OR INDIRECT DAMAGES OR EXPENSES
     31            INCLUDING BUT NOT LIMITED TO ANY INCIDENTAL, SPECIAL, INDIRECT, PUNITIVE
     32            OR CONSEQUENTIAL DAMAGES, LOST PROFITS OR LOST DATA, COST OF PROCUREMENT
     33            OF SUBSTITUTE GOODS, TECHNOLOGY, SERVICES, OR ANY CLAIMS BY THIRD PARTIES
     34            (INCLUDING BUT NOT LIMITED TO ANY DEFENSE THEREOF), OR OTHER SIMILAR COSTS.
     35          
     36            Should you have any questions regarding your right to use this Software,
     37            contact Texas Instruments Incorporated at www.TI.com. 
     38          **************************************************************************************************/
     39          
     40          /*********************************************************************
     41           * INCLUDES
     42           */
     43          
     44          #include "comdef.h"
     45          #include "OnBoard.h"
     46          #include "OSAL.h"
     47          #include "OSAL_Tasks.h"
     48          #include "OSAL_Timers.h"
     49          #include "OSAL_PwrMgr.h"
     50          
     51          /*********************************************************************
     52           * MACROS
     53           */
     54          
     55          /*********************************************************************
     56           * CONSTANTS
     57           */
     58          
     59          /*********************************************************************
     60           * TYPEDEFS
     61           */
     62          
     63          /*********************************************************************
     64           * GLOBAL VARIABLES
     65           */
     66          
     67          /* This global variable stores the power management attributes.
     68           */

   \                                 In  segment DATA16_Z, align 2, align-sorted
   \   000000                REQUIRE ?cstart_init_zero
     69          pwrmgr_attribute_t pwrmgr_attribute;
   \                     pwrmgr_attribute:
   \   000000                DS8 8
     70          
     71          /*********************************************************************
     72           * EXTERNAL VARIABLES
     73           */
     74          
     75          /*********************************************************************
     76           * EXTERNAL FUNCTIONS
     77           */
     78          
     79          /*********************************************************************
     80           * LOCAL VARIABLES
     81           */
     82          
     83          /*********************************************************************
     84           * LOCAL FUNCTION PROTOTYPES
     85           */
     86          
     87          /*********************************************************************
     88           * FUNCTIONS
     89           *********************************************************************/
     90          
     91          /*********************************************************************
     92           * @fn      osal_pwrmgr_init
     93           *
     94           * @brief   Initialize the power management system.
     95           *
     96           * @param   none.
     97           *
     98           * @return  none.
     99           */

   \                                 In  segment CODE, align 2
    100          void osal_pwrmgr_init( void )
   \                     osal_pwrmgr_init:
    101          {
    102            pwrmgr_attribute.pwrmgr_device = PWRMGR_ALWAYS_ON; // Default to no power conservation.
   \   000000   C243....     MOV.B   #0x0, &pwrmgr_attribute + 6
    103            pwrmgr_attribute.pwrmgr_task_state = 0;            // Cleared.  All set to conserve
   \   000004   8243....     MOV.W   #0x0, &pwrmgr_attribute
    104          }
   \   000008   1001         RETA
    105          
    106          /*********************************************************************
    107           * @fn      osal_pwrmgr_device
    108           *
    109           * @brief   Sets the device power characteristic.
    110           *
    111           * @param   pwrmgr_device - type of power devices. With PWRMGR_ALWAYS_ON
    112           *          selection, there is no power savings and the device is most
    113           *          likely on mains power. The PWRMGR_BATTERY selection allows the
    114           *          HAL sleep manager to enter sleep.
    115           *
    116           * @return  none
    117           */

   \                                 In  segment CODE, align 2
    118          void osal_pwrmgr_device( uint8 pwrmgr_device )
   \                     osal_pwrmgr_device:
    119          {
    120            pwrmgr_attribute.pwrmgr_device = pwrmgr_device;
   \   000000   C24C....     MOV.B   R12, &pwrmgr_attribute + 6
    121          }
   \   000004   1001         RETA
    122          
    123          /*********************************************************************
    124           * @fn      osal_pwrmgr_task_state
    125           *
    126           * @brief   This function is called by each task to state whether or
    127           *          not this task wants to conserve power.
    128           *
    129           * @param   task_id - calling task ID.
    130           *          state - whether the calling task wants to
    131           *          conserve power or not.
    132           *
    133           * @return  SUCCESS if task complete
    134           */

   \                                 In  segment CODE, align 2
    135          uint8 osal_pwrmgr_task_state( uint8 task_id, uint8 state )
   \                     osal_pwrmgr_task_state:
    136          {
    137            if ( task_id >= tasksCnt )
   \   000000   5C92....     CMP.B   &tasksCnt, R12
   \   000004   0328         JNC     ??osal_pwrmgr_task_state_0
    138              return ( INVALID_TASK );
   \   000006   7C400300     MOV.B   #0x3, R12
   \   00000A   1001         RETA
    139          
    140            if ( state == PWRMGR_CONSERVE )
   \                     ??osal_pwrmgr_task_state_0:
   \   00000C   1F42....     MOV.W   &pwrmgr_attribute, R15
   \   000010   1E43         MOV.W   #0x1, R14
   \   000012   5C83         SUB.B   #0x1, R12
   \   000014   0230         JN      ??osal_pwrmgr_task_state_1
   \   000016                RPT     R12
   \   000016   CC180E5E     RLAX.W  R14
   \                     ??osal_pwrmgr_task_state_1:
   \   00001A   4D93         CMP.B   #0x0, R13
   \   00001C   0220         JNE     ??osal_pwrmgr_task_state_2
    141            {
    142              // Clear the task state flag
    143              pwrmgr_attribute.pwrmgr_task_state &= ~(1 << task_id );
   \   00001E   0FCE         BIC.W   R14, R15
   \   000020   013C         JMP     ??osal_pwrmgr_task_state_3
    144            }
    145            else
    146            {
    147              // Set the task state flag
    148              pwrmgr_attribute.pwrmgr_task_state |= (1 << task_id);
   \                     ??osal_pwrmgr_task_state_2:
   \   000022   0FDE         BIS.W   R14, R15
   \                     ??osal_pwrmgr_task_state_3:
   \   000024   824F....     MOV.W   R15, &pwrmgr_attribute
    149            }
    150          
    151            return ( SUCCESS );
   \   000028   4C43         MOV.B   #0x0, R12
   \   00002A   1001         RETA
    152          }
    153          
    154          #if defined( POWER_SAVING )
    155          /*********************************************************************
    156           * @fn      osal_pwrmgr_powerconserve
    157           *
    158           * @brief   This function is called from the main OSAL loop when there are
    159           *          no events scheduled and shouldn't be called from anywhere else.
    160           *
    161           * @param   none.
    162           *
    163           * @return  none.
    164           */
    165          void osal_pwrmgr_powerconserve( void )
    166          {
    167            uint16        next;
    168            halIntState_t intState;
    169          
    170            // Should we even look into power conservation
    171            if ( pwrmgr_attribute.pwrmgr_device != PWRMGR_ALWAYS_ON )
    172            {
    173              // Are all tasks in agreement to conserve
    174              if ( pwrmgr_attribute.pwrmgr_task_state == 0 )
    175              {
    176                // Hold off interrupts.
    177                HAL_ENTER_CRITICAL_SECTION( intState );
    178          
    179                // Get next time-out
    180                next = osal_next_timeout();
    181          
    182                // Re-enable interrupts.
    183                HAL_EXIT_CRITICAL_SECTION( intState );
    184          
    185                // Put the processor into sleep mode
    186                OSAL_SET_CPU_INTO_SLEEP( next );
    187              }
    188            }
    189          }
    190          #endif /* POWER_SAVING */
    191          
    192          /*********************************************************************
    193          *********************************************************************/

   Maximum stack usage in bytes:

   CSTACK Function
   ------ --------
       4  osal_pwrmgr_device
       4  osal_pwrmgr_init
       4  osal_pwrmgr_task_state


   Segment part sizes:

   Bytes  Function/Label
   -----  --------------
       6  osal_pwrmgr_device
      10  osal_pwrmgr_init
      44  osal_pwrmgr_task_state
       8  pwrmgr_attribute

 
 60 bytes in segment CODE
  8 bytes in segment DATA16_Z
 
 60 bytes of CODE memory
  8 bytes of DATA memory

Errors: none
Warnings: none
